Product: MDK-ARM Standard 5.10
Component: ARM Compiler 5.04 update 1 (build 49)
Tool: armlink [5040049]

==============================================================================

Section Cross References

    main.o(.text) refers to sys.o(.text) for NVIC_Configuration
    main.o(.text) refers to delay.o(.text) for delay_init
    main.o(.text) refers to usart.o(.text) for uart_init
    main.o(.text) refers to led.o(.text) for LED_Init
    main.o(.text) refers to ili93xx.o(.text) for TFTLCD_Init
    main.o(.text) refers to malloc.o(.text) for mem_init
    main.o(.text) refers to stm32f10x_rcc.o(.text) for RCC_AHBPeriphClockCmd
    main.o(.text) refers to gui_core.o(i.GUI_Init) for GUI_Init
    main.o(.text) refers to gui_setcolor.o(i.GUI_SetBkColor) for GUI_SetBkColor
    main.o(.text) refers to gui_setcolor.o(i.GUI_SetColor) for GUI_SetColor
    main.o(.text) refers to gui_dispstringat.o(i.GUI_DispStringAt) for GUI_DispStringAt
    main.o(.text) refers to gui_drawroundedrect.o(i.GUI_DrawRoundedRect) for GUI_DrawRoundedRect
    main.o(.text) refers to gui_drawroundedframe.o(i.GUI_DrawRoundedFrame) for GUI_DrawRoundedFrame
    main.o(.text) refers to gui_pen.o(i.GUI_SetPenSize) for GUI_SetPenSize
    main.o(.text) refers to gui_drawline.o(i.GUI_DrawLine) for GUI_DrawLine
    main.o(.text) refers to gui_time.o(i.GUI_Delay) for GUI_Delay
    main.o(.text) refers to gui_setfont.o(i.GUI_SetFont) for GUI_SetFont
    main.o(.text) refers to gui_settextmode.o(i.GUI_SetTextMode) for GUI_SetTextMode
    main.o(.text) refers to gui_dispstringinrect.o(i.GUI_DispStringInRect) for GUI_DispStringInRect
    main.o(.text) refers to gui_core.o(i.GUI_Clear) for GUI_Clear
    main.o(.text) refers to gui_dispstringhcenter.o(i.GUI_DispStringHCenterAt) for GUI_DispStringHCenterAt
    main.o(.text) refers to guidev.o(i.GUI_MEMDEV_Create) for GUI_MEMDEV_Create
    main.o(.text) refers to guidev.o(i.GUI_MEMDEV_Select) for GUI_MEMDEV_Select
    main.o(.text) refers to gui_core.o(i.GUI_ClearRect) for GUI_ClearRect
    main.o(.text) refers to guidev.o(i.GUI_MEMDEV_CopyToLCDAt) for GUI_MEMDEV_CopyToLCDAt
    main.o(.text) refers to gui_touch_driveranalog.o(i.GUI_TOUCH_Exec) for GUI_TOUCH_Exec
    main.o(.text) refers to os_time.o(.text) for OSTimeDlyHMSM
    main.o(.text) refers to os_cpu_a.o(.text) for OS_CPU_SR_Save
    main.o(.text) refers to os_task.o(.text) for OSTaskCreate
    main.o(.text) refers to os_core.o(.text) for OSInit
    main.o(.text) refers to touch.o(.data) for tp_dev
    main.o(.text) refers to main.o(.data) for Rect
    main.o(.text) refers to fcomic24b_ascii.o(.constdata) for GUI_FontComic24B_ASCII
    main.o(.text) refers to f24_ascii.o(.constdata) for GUI_Font24_ASCII
    main.o(.text) refers to f20_ascii.o(.constdata) for GUI_Font20_ASCII
    main.o(.text) refers to f16_ascii.o(.constdata) for GUI_Font16_ASCII
    main.o(.text) refers to main.o(.bss) for EMWIN_TASK_STK
    stm32f10x_it.o(.text) refers to ili93xx.o(.text) for LCD_ShowString
    system_stm32f10x.o(.text) refers to system_stm32f10x.o(.data) for SystemCoreClock
    led.o(.text) refers to stm32f10x_rcc.o(.text) for RCC_APB2PeriphClockCmd
    led.o(.text) refers to stm32f10x_gpio.o(.text) for GPIO_Init
    key.o(.text) refers to stm32f10x_rcc.o(.text) for RCC_APB2PeriphClockCmd
    key.o(.text) refers to stm32f10x_gpio.o(.text) for GPIO_PinRemapConfig
    key.o(.text) refers to delay.o(.text) for delay_ms
    key.o(.text) refers to key.o(.data) for key_up
    ili93xx.o(.text) refers to _printf_percent.o(.ARM.Collect$$_printf_percent$$00000000) for _printf_percent
    ili93xx.o(.text) refers to _printf_x.o(.ARM.Collect$$_printf_percent$$0000000C) for _printf_x
    ili93xx.o(.text) refers to _printf_hex_int.o(.text) for _printf_longlong_hex
    ili93xx.o(.text) refers to stm32f10x_gpio.o(.text) for GPIO_ResetBits
    ili93xx.o(.text) refers to delay.o(.text) for delay_us
    ili93xx.o(.text) refers to ili93xx.o(.bss) for lcddev
    ili93xx.o(.text) refers to ili93xx.o(.data) for POINT_COLOR
    ili93xx.o(.text) refers to stm32f10x_rcc.o(.text) for RCC_APB2PeriphClockCmd
    ili93xx.o(.text) refers to noretval__2printf.o(.text) for __2printf
    ili93xx.o(.text) refers to ili93xx.o(.constdata) for asc2_1206
    24cxx.o(.text) refers to myiic.o(.text) for IIC_Init
    24cxx.o(.text) refers to delay.o(.text) for delay_ms
    myiic.o(.text) refers to stm32f10x_rcc.o(.text) for RCC_APB2PeriphClockCmd
    myiic.o(.text) refers to stm32f10x_gpio.o(.text) for GPIO_Init
    myiic.o(.text) refers to delay.o(.text) for delay_us
    ctiic.o(.text) refers to delay.o(.text) for delay_us
    ott2001a.o(.text) refers to _printf_percent.o(.ARM.Collect$$_printf_percent$$00000000) for _printf_percent
    ott2001a.o(.text) refers to _printf_x.o(.ARM.Collect$$_printf_percent$$0000000C) for _printf_x
    ott2001a.o(.text) refers to _printf_hex_int.o(.text) for _printf_longlong_hex
    ott2001a.o(.text) refers to ctiic.o(.text) for CT_IIC_Start
[...]
    0x08015a5e   0x00000002   PAD
    0x08015a60   0x00000070   Code   RO         1130    i._InitContext      STemWin526_CM3_OS_Keil.lib(gui_core.o)
    0x08015ad0   0x000000a8   Code   RO         1078    i._InitOnce         STemWin526_CM3_OS_Keil.lib(gui_alloc.o)
    0x08015b78   0x00000080   Code   RO         2522    i._Invalidate1Abs   STemWin526_CM3_OS_Keil.lib(wm.o)
    0x08015bf8   0x00000014   Code   RO         1310    i._Log2Phys         STemWin526_CM3_OS_Keil.lib(gui_touch_driveranalog.o)
    0x08015c0c   0x00000004   Code   RO         1508    i._Log2PhysX_X0Y0S0  STemWin526_CM3_OS_Keil.lib(guidrv_flexcolor.o)
    0x08015c10   0x00000004   Code   RO         1509    i._Log2PhysX_X0Y0S1  STemWin526_CM3_OS_Keil.lib(guidrv_flexcolor.o)
    0x08015c14   0x00000004   Code   RO         1510    i._Log2PhysX_X0Y1S0  STemWin526_CM3_OS_Keil.lib(guidrv_flexcolor.o)
    0x08015c18   0x00000004   Code   RO         1511    i._Log2PhysX_X0Y1S1  STemWin526_CM3_OS_Keil.lib(guidrv_flexcolor.o)
    0x08015c1c   0x00000008   Code   RO         1512    i._Log2PhysX_X1Y0S0  STemWin526_CM3_OS_Keil.lib(guidrv_flexcolor.o)
    0x08015c24   0x00000008   Code   RO         1513    i._Log2PhysX_X1Y0S1  STemWin526_CM3_OS_Keil.lib(guidrv_flexcolor.o)
    0x08015c2c   0x00000008   Code   RO         1514    i._Log2PhysX_X1Y1S0  STemWin526_CM3_OS_Keil.lib(guidrv_flexcolor.o)
    0x08015c34   0x00000008   Code   RO         1515    i._Log2PhysX_X1Y1S1  STemWin526_CM3_OS_Keil.lib(guidrv_flexcolor.o)
    0x08015c3c   0x00000004   Code   RO         1516    i._Log2PhysY_X0Y0S0  STemWin526_CM3_OS_Keil.lib(guidrv_flexcolor.o)
    0x08015c40   0x00000004   Code   RO         1517    i._Log2PhysY_X0Y0S1  STemWin526_CM3_OS_Keil.lib(guidrv_flexcolor.o)
    0x08015c44   0x00000008   Code   RO         1518    i._Log2PhysY_X0Y1S0  STemWin526_CM3_OS_Keil.lib(guidrv_flexcolor.o)
    0x08015c4c   0x00000008   Code   RO         1519    i._Log2PhysY_X0Y1S1  STemWin526_CM3_OS_Keil.lib(guidrv_flexcolor.o)
    0x08015c54   0x00000004   Code   RO         1520    i._Log2PhysY_X1Y0S0  STemWin526_CM3_OS_Keil.lib(guidrv_flexcolor.o)
    0x08015c58   0x00000004   Code   RO         1521    i._Log2PhysY_X1Y0S1  STemWin526_CM3_OS_Keil.lib(guidrv_flexcolor.o)
    0x08015c5c   0x00000008   Code   RO         1522    i._Log2PhysY_X1Y1S0  STemWin526_CM3_OS_Keil.lib(guidrv_flexcolor.o)
    0x08015c64   0x00000008   Code   RO         1523    i._Log2PhysY_X1Y1S1  STemWin526_CM3_OS_Keil.lib(guidrv_flexcolor.o)
    0x08015c6c   0x00000002   Code   RO         2152    i._Log2VisBuffered  STemWin526_CM3_OS_Keil.lib(gui_charline.o)
    0x08015c6e   0x00000008   Code   RO         2710    i._Min              STemWin526_CM3_OS_Keil.lib(guidev_banding.o)
    0x08015c76   0x0000006e   Code   RO         3088    i._MoveDescendents  STemWin526_CM3_OS_Keil.lib(wm_move.o)
    0x08015ce4   0x00000034   Code   RO         1079    i._OnExit           STemWin526_CM3_OS_Keil.lib(gui_alloc.o)
    0x08015d18   0x0000002c   Code   RO         1131    i._OnExit           STemWin526_CM3_OS_Keil.lib(gui_core.o)
    0x08015d44   0x00000014   Code   RO         2341    i._OnExit           STemWin526_CM3_OS_Keil.lib(gui_task.o)
    0x08015d58   0x00000014   Code   RO         2433    i._OnExit           STemWin526_CM3_OS_Keil.lib(lcd_color.o)
    0x08015d6c   0x00000034   Code   RO         2523    i._OnExit           STemWin526_CM3_OS_Keil.lib(wm.o)
    0x08015da0   0x00000028   Code   RO         2796    i._OnExit           STemWin526_CM3_OS_Keil.lib(gui__alpha.o)
    0x08015dc8   0x00000024   Code   RO         2524    i._Paint1           STemWin526_CM3_OS_Keil.lib(wm.o)
    0x08015dec   0x0000008c   Code   RO         2525    i._Paint1Trans      STemWin526_CM3_OS_Keil.lib(wm.o)
    0x08015e78   0x0000009a   Code   RO         2526    i._PaintTransChildren  STemWin526_CM3_OS_Keil.lib(wm.o)
    0x08015f12   0x00000002   PAD
    0x08015f14   0x00000040   Code   RO         1080    i._PopFreeBlock     STemWin526_CM3_OS_Keil.lib(gui_alloc.o)
    0x08015f54   0x00000028   Code   RO         1081    i._PushFreeBlock    STemWin526_CM3_OS_Keil.lib(gui_alloc.o)
    0x08015f7c   0x00000006   Code   RO         1595    i._ReadData         STemWin526_CM3_OS_Keil.lib(guidrv_flexcolor_16bpp_c0b16.o)
    0x08015f82   0x0000000c   Code   RO         1524    i._ReadPixelCust_16bpp  STemWin526_CM3_OS_Keil.lib(guidrv_flexcolor.o)
    0x08015f8e   0x0000000c   Code   RO         1525    i._ReadPixelCust_18bpp  STemWin526_CM3_OS_Keil.lib(guidrv_flexcolor.o)
    0x08015f9a   0x00000028   Code   RO         1610    i._ReadPixel_16bpp_B16_I  STemWin526_CM3_OS_Keil.lib(guidrv_flexcolor_func66709.o)
    0x08015fc2   0x00000024   Code   RO         1613    i._ReadPixel_16bpp_B8  STemWin526_CM3_OS_Keil.lib(guidrv_flexcolor_func66709.o)
    0x08015fe6   0x00000030   Code   RO         1526    i._ReadRectCust_16bpp  STemWin526_CM3_OS_Keil.lib(guidrv_flexcolor.o)
    0x08016016   0x00000030   Code   RO         1527    i._ReadRectCust_18bpp  STemWin526_CM3_OS_Keil.lib(guidrv_flexcolor.o)
    0x08016046   0x0000004c   Code   RO         1614    i._ReadRect_16bpp_B16_I  STemWin526_CM3_OS_Keil.lib(guidrv_flexcolor_func66709.o)
    0x08016092   0x00000048   Code   RO         1617    i._ReadRect_16bpp_B8  STemWin526_CM3_OS_Keil.lib(guidrv_flexcolor_func66709.o)
    0x080160da   0x0000001c   Code   RO         2280    i._ReleaseBuffer    STemWin526_CM3_OS_Keil.lib(gui_sprite.o)
    0x080160f6   0x00000002   PAD
    0x080160f8   0x00000034   Code   RO         1082    i._RemoveFreeBlock  STemWin526_CM3_OS_Keil.lib(gui_alloc.o)
    0x0801612c   0x0000005c   Code   RO         2900    i._RemoveFromLinList  STemWin526_CM3_OS_Keil.lib(gui_timer.o)
    0x08016188   0x000000a0   Code   RO         1083    i._RemoveHoles      STemWin526_CM3_OS_Keil.lib(gui_alloc.o)
    0x08016228   0x0000005a   Code   RO         3020    i._Screen2hWin      STemWin526_CM3_OS_Keil.lib(wm_screen2win.o)
    0x08016282   0x00000002   PAD
    0x08016284   0x00000024   Code   RO         3021    i._Screen2hWinStop  STemWin526_CM3_OS_Keil.lib(wm_screen2win.o)
    0x080162a8   0x00000020   Code   RO         2403    i._SetBkColor       STemWin526_CM3_OS_Keil.lib(lcd.o)
    0x080162c8   0x0000004c   Code   RO         2527    i._SetClipRectUserIntersect  STemWin526_CM3_OS_Keil.lib(wm.o)
    0x08016314   0x00000020   Code   RO         2404    i._SetColor         STemWin526_CM3_OS_Keil.lib(lcd.o)
    0x08016334   0x00000080   Code   RO         1528    i._SetDevFunc       STemWin526_CM3_OS_Keil.lib(guidrv_flexcolor.o)
    0x080163b4   0x0000002c   Code   RO         2405    i._SetDrawMode      STemWin526_CM3_OS_Keil.lib(lcd.o)
    0x080163e0   0x00000030   Code   RO         1618    i._SetInterface     STemWin526_CM3_OS_Keil.lib(guidrv_flexcolor_func66709.o)
    0x08016410   0x00000078   Code   RO         1237    i._SetLineColor     STemWin526_CM3_OS_Keil.lib(gui_drawline.o)
    0x08016488   0x00000034   Code   RO         1311    i._SetMinMax        STemWin526_CM3_OS_Keil.lib(gui_touch_driveranalog.o)
    0x080164bc   0x00000012   Code   RO         1529    i._SetOrg           STemWin526_CM3_OS_Keil.lib(guidrv_flexcolor.o)
    0x080164ce   0x00000008   Code   RO         2079    i._SetOrg           STemWin526_CM3_OS_Keil.lib(guidev_16.o)
    0x080164d6   0x00000008   Code   RO         2938    i._SetOrg           STemWin526_CM3_OS_Keil.lib(guidev_32.o)
    0x080164de   0x00000002   PAD
    0x080164e0   0x00000038   Code   RO         1619    i._SetOrientation   STemWin526_CM3_OS_Keil.lib(guidrv_flexcolor_func66709.o)
    0x08016518   0x000000a8   Code   RO         1620    i._SetPhysRAMAddr   STemWin526_CM3_OS_Keil.lib(guidrv_flexcolor_func66709.o)
    0x080165c0   0x0000000e   Code   RO         1530    i._SetPixelIndex    STemWin526_CM3_OS_Keil.lib(guidrv_flexcolor.o)
    0x080165ce   0x00000002   PAD
    0x080165d0   0x00000048   Code   RO         2080    i._SetPixelIndex    STemWin526_CM3_OS_Keil.lib(guidev_16.o)
    0x08016618   0x00000048   Code   RO         2939    i._SetPixelIndex    STemWin526_CM3_OS_Keil.lib(guidev_32.o)
    0x08016660   0x0000029c   Code   RO         2285    i._SetPosition      STemWin526_CM3_OS_Keil.lib(gui_sprite.o)
    0x080168fc   0x000000b4   Code   RO         1621    i._SetRect          STemWin526_CM3_OS_Keil.lib(guidrv_flexcolor_func66709.o)
    0x080169b0   0x00000008   Code   RO         1622    i._SetReg_B16       STemWin526_CM3_OS_Keil.lib(guidrv_flexcolor_func66709.o)
    0x080169b8   0x0000001a   Code   RO         1623    i._SetReg_B8        STemWin526_CM3_OS_Keil.lib(guidrv_flexcolor_func66709.o)
    0x080169d2   0x0000004a   Code   RO         2286    i._SetSpriteBkPixel  STemWin526_CM3_OS_Keil.lib(gui_sprite.o)
    0x08016a1c   0x00000058   Code   RO         2210    i._StoreState       STemWin526_CM3_OS_Keil.lib(gui_pid.o)
    0x08016a74   0x00000030   Code   RO         1312    i._StoreUnstable    STemWin526_CM3_OS_Keil.lib(gui_touch_driveranalog.o)
    0x08016aa4   0x000000ea   Code   RO         1084    i._TestRAM          STemWin526_CM3_OS_Keil.lib(gui_alloc.o)
    0x08016b8e   0x00000002   PAD
    0x08016b90   0x00000050   Code   RO         2901    i._Unlink           STemWin526_CM3_OS_Keil.lib(gui_timer.o)
    0x08016be0   0x00000030   Code   RO         1200    i._UnlinkDevice     STemWin526_CM3_OS_Keil.lib(gui_device.o)
    0x08016c10   0x0000000a   Code   RO         1596    i._WriteData        STemWin526_CM3_OS_Keil.lib(guidrv_flexcolor_16bpp_c0b16.o)
    0x08016c1a   0x00000008   Code   RO         1624    i._WritePara_B16    STemWin526_CM3_OS_Keil.lib(guidrv_flexcolor_func66709.o)
    0x08016c22   0x0000000a   Code   RO         1625    i._WritePara_B8     STemWin526_CM3_OS_Keil.lib(guidrv_flexcolor_func66709.o)
    0x08016c2c   0x0000000e   Code   RO         1085    i._WriteTagData     STemWin526_CM3_OS_Keil.lib(gui_alloc.o)
    0x08016c3a   0x00000002   PAD
    0x08016c3c   0x00000340   Code   RO         2467    i._WriteToActiveOpaque_8  STemWin526_CM3_OS_Keil.lib(guidev_writetoactiveopaque.o)
    0x08016f7c   0x00000354   Code   RO         2468    i._WriteToActiveOpaque_HT  STemWin526_CM3_OS_Keil.lib(guidev_writetoactiveopaque.o)
    0x080172d0   0x0000003c   Code   RO         2081    i._XY2PTR           STemWin526_CM3_OS_Keil.lib(guidev_16.o)
    0x0801730c   0x0000003c   Code   RO         2940    i._XY2PTR           STemWin526_CM3_OS_Keil.lib(guidev_32.o)
    0x08017348   0x00000024   Code   RO         1531    i._XorPixel         STemWin526_CM3_OS_Keil.lib(guidrv_flexcolor.o)
    0x0801736c   0x00000054   Code   RO         2082    i._XorPixel         STemWin526_CM3_OS_Keil.lib(guidev_16.o)
    0x080173c0   0x00000058   Code   RO         2941    i._XorPixel         STemWin526_CM3_OS_Keil.lib(guidev_32.o)
    0x08017418   0x00000084   Code   RO         1238    i._atan2            STemWin526_CM3_OS_Keil.lib(gui_drawline.o)
    0x0801749c   0x00000044   Code   RO         2528    i._cbPaintMemDev    STemWin526_CM3_OS_Keil.lib(wm.o)
    0x080174e0   0x0000000e   Code   RO         3141    i._is_digit         c_w.l(__printf_wp.o)
    0x080174ee   0x00000002   PAD
    0x080174f0   0x00000050   Code   RO         2529    i.cbBackWin         STemWin526_CM3_OS_Keil.lib(wm.o)
    0x08017540   0x0000008a   Code   RO         2406    i.emWin_LCD_Init    STemWin526_CM3_OS_Keil.lib(lcd.o)
    0x080175ca   0x0000004c   Code   RO         3224    i.sqrt              m_ws.l(sqrt.o)
    0x08017616   0x00000002   PAD
    0x08017618   0x00000150   Code   RO         3173    x$fpl$dadd          fz_ws.l(daddsub_clz.o)
    0x08017768   0x00000018   Code   RO         3247    x$fpl$dcmpinf       fz_ws.l(dcmpi.o)
    0x08017780   0x0000005a   Code   RO         3179    x$fpl$dfixu         fz_ws.l(dfixu.o)
    0x080177da   0x0000002e   Code   RO         3184    x$fpl$dflt          fz_ws.l(dflt_clz.o)
    0x08017808   0x00000026   Code   RO         3183    x$fpl$dfltu         fz_ws.l(dflt_clz.o)
    0x0801782e   0x00000002   PAD
    0x08017830   0x00000078   Code   RO         3189    x$fpl$dleqf         fz_ws.l(dleqf.o)
    0x080178a8   0x00000154   Code   RO         3191    x$fpl$dmul          fz_ws.l(dmul.o)
    0x080179fc   0x0000009c   Code   RO         3249    x$fpl$dnaninf       fz_ws.l(dnaninf.o)
    0x08017a98   0x0000000c   Code   RO         3251    x$fpl$dretinf       fz_ws.l(dretinf.o)
    0x08017aa4   0x0000006c   Code   RO         3193    x$fpl$drleqf        fz_ws.l(drleqf.o)
    0x08017b10   0x00000016   Code   RO         3174    x$fpl$drsb          fz_ws.l(daddsub_clz.o)
    0x08017b26   0x00000002   PAD
    0x08017b28   0x000001cc   Code   RO         3253    x$fpl$dsqrt         fz_ws.l(dsqrt_noumaal.o)
    0x08017cf4   0x000001d4   Code   RO         3175    x$fpl$dsub          fz_ws.l(daddsub_clz.o)
    0x08017ec8   0x00000056   Code   RO         3195    x$fpl$f2d           fz_ws.l(f2d.o)
    0x08017f1e   0x00000002   PAD
    0x08017f20   0x000000c4   Code   RO         3197    x$fpl$fadd          fz_ws.l(faddsub_clz.o)
    0x08017fe4   0x00000184   Code   RO         3204    x$fpl$fdiv          fz_ws.l(fdiv.o)
    0x08018168   0x00000036   Code   RO         3207    x$fpl$ffix          fz_ws.l(ffix.o)
    0x0801819e   0x00000002   PAD
    0x080181a0   0x0000003e   Code   RO         3211    x$fpl$ffixu         fz_ws.l(ffixu.o)
    0x080181de   0x00000002   PAD
    0x080181e0   0x00000030   Code   RO         3216    x$fpl$fflt          fz_ws.l(fflt_clz.o)
    0x08018210   0x00000026   Code   RO         3215    x$fpl$ffltu         fz_ws.l(fflt_clz.o)
    0x08018236   0x00000002   PAD
    0x08018238   0x00000102   Code   RO         3221    x$fpl$fmul          fz_ws.l(fmul.o)
    0x0801833a   0x0000008c   Code   RO         3255    x$fpl$fnaninf       fz_ws.l(fnaninf.o)
    0x080183c6   0x0000000a   Code   RO         3257    x$fpl$fretinf       fz_ws.l(fretinf.o)
    0x080183d0   0x000000ea   Code   RO         3199    x$fpl$fsub          fz_ws.l(faddsub_clz.o)
    0x080184ba   0x00000000   Code   RO         3259    x$fpl$usenofp       fz_ws.l(usenofp.o)
    0x080184ba   0x000017c0   Data   RO          318    .constdata          ili93xx.o
    0x08019c7a   0x0000000a   Data   RO          393    .constdata          ott2001a.o
    0x08019c84   0x0000000c   Data   RO          420    .constdata          touch.o
    0x08019c90   0x00000100   Data   RO          913    .constdata          os_core.o
    0x08019d90   0x00000008   Data   RO         1133    .constdata          STemWin526_CM3_OS_Keil.lib(gui_core.o)
    0x08019d98   0x00000008   Data   RO         1201    .constdata          STemWin526_CM3_OS_Keil.lib(gui_device.o)
    0x08019da0   0x00000044   Data   RO         1239    .constdata          STemWin526_CM3_OS_Keil.lib(gui_drawline.o)
    0x08019de4   0x00000018   Data   RO         1345    .constdata          STemWin526_CM3_OS_Keil.lib(guicc_565.o)
    0x08019dfc   0x00000034   Data   RO         1532    .constdata          STemWin526_CM3_OS_Keil.lib(guidrv_flexcolor.o)
    0x08019e30   0x00000040   Data   RO         1533    .constdata          STemWin526_CM3_OS_Keil.lib(guidrv_flexcolor.o)
    0x08019e70   0x00000518   Data   RO         1647    .constdata          STemWin526_CM3_OS_Keil.lib(f6x8.o)
    0x0801a388   0x000001c0   Data   RO         1648    .constdata          STemWin526_CM3_OS_Keil.lib(f6x8.o)
    0x0801a548   0x00000008   Data   RO         1649    .constdata          STemWin526_CM3_OS_Keil.lib(f6x8.o)
    0x0801a550   0x00000014   Data   RO         1650    .constdata          STemWin526_CM3_OS_Keil.lib(f6x8.o)
    0x0801a564   0x00000024   Data   RO         1651    .constdata          STemWin526_CM3_OS_Keil.lib(f6x8.o)
    0x0801a588   0x00000010   Data   RO         1653    .constdata          STemWin526_CM3_OS_Keil.lib(f16_ascii.o)
    0x0801a598   0x00000010   Data   RO         1654    .constdata          STemWin526_CM3_OS_Keil.lib(f16_ascii.o)
    0x0801a5a8   0x00000010   Data   RO         1655    .constdata          STemWin526_CM3_OS_Keil.lib(f16_ascii.o)
    0x0801a5b8   0x00000010   Data   RO         1656    .constdata          STemWin526_CM3_OS_Keil.lib(f16_ascii.o)
    0x0801a5c8   0x00000010   Data   RO         1657    .constdata          STemWin526_CM3_OS_Keil.lib(f16_ascii.o)
    0x0801a5d8   0x00000020   Data   RO         1658    .constdata          STemWin526_CM3_OS_Keil.lib(f16_ascii.o)
    0x0801a5f8   0x00000020   Data   RO         1659    .constdata          STemWin526_CM3_OS_Keil.lib(f16_ascii.o)
    0x0801a618   0x00000010   Data   RO         1660    .constdata          STemWin526_CM3_OS_Keil.lib(f16_ascii.o)
    0x0801a628   0x00000010   Data   RO         1661    .constdata          STemWin526_CM3_OS_Keil.lib(f16_ascii.o)
    0x0801a638   0x00000010   Data   RO         1662    .constdata          STemWin526_CM3_OS_Keil.lib(f16_ascii.o)
    0x0801a648   0x00000010   Data   RO         1663    .constdata          STemWin526_CM3_OS_Keil.lib(f16_ascii.o)
    0x0801a658   0x00000010   Data   RO         1664    .constdata          STemWin526_CM3_OS_Keil.lib(f16_ascii.o)
    0x0801a668   0x00000010   Data   RO         1665    .constdata          STemWin526_CM3_OS_Keil.lib(f16_ascii.o)
    0x0801a678   0x00000010   Data   RO         1666    .constdata          STemWin526_CM3_OS_Keil.lib(f16_ascii.o)
    0x0801a688   0x00000010   Data   RO         1667    .constdata          STemWin526_CM3_OS_Keil.lib(f16_ascii.o)
    0x0801a698   0x00000010   Data   RO         1668    .constdata          STemWin526_CM3_OS_Keil.lib(f16_ascii.o)
    0x0801a6a8   0x00000010   Data   RO         1669    .constdata          STemWin526_CM3_OS_Keil.lib(f16_ascii.o)
    0x0801a6b8   0x00000010   Data   RO         1670    .constdata          STemWin526_CM3_OS_Keil.lib(f16_ascii.o)
    0x0801a6c8   0x00000010   Data   RO         1671    .constdata          STemWin526_CM3_OS_Keil.lib(f16_ascii.o)
    0x0801a6d8   0x00000010   Data   RO         1672    .constdata          STemWin526_CM3_OS_Keil.lib(f16_ascii.o)
    0x0801a6e8   0x00000010   Data   RO         1673    .constdata          STemWin526_CM3_OS_Keil.lib(f16_ascii.o)
    0x0801a6f8   0x00000010   Data   RO         1674    .constdata          STemWin526_CM3_OS_Keil.lib(f16_ascii.o)
    0x0801a708   0x00000010   Data   RO         1675    .constdata          STemWin526_CM3_OS_Keil.lib(f16_ascii.o)
    0x0801a718   0x00000010   Data   RO         1676    .constdata          STemWin526_CM3_OS_Keil.lib(f16_ascii.o)
    0x0801a728   0x00000010   Data   RO         1677    .constdata          STemWin526_CM3_OS_Keil.lib(f16_ascii.o)
    0x0801a738   0x00000010   Data   RO         1678    .constdata          STemWin526_CM3_OS_Keil.lib(f16_ascii.o)
    0x0801a748   0x00000010   Data   RO         1679    .constdata          STemWin526_CM3_OS_Keil.lib(f16_ascii.o)
    0x0801a758   0x00000010   Data   RO         1680    .constdata          STemWin526_CM3_OS_Keil.lib(f16_ascii.o)
    0x0801a768   0x00000010   Data   RO         1681    .constdata          STemWin526_CM3_OS_Keil.lib(f16_ascii.o)
    0x0801a778   0x00000010   Data   RO         1682    .constdata          STemWin526_CM3_OS_Keil.lib(f16_ascii.o)
    0x0801a788   0x00000010   Data   RO         1683    .constdata          STemWin526_CM3_OS_Keil.lib(f16_ascii.o)
    0x0801a798   0x00000010   Data   RO         1684    .constdata          STemWin526_CM3_OS_Keil.lib(f16_ascii.o)
    0x0801a7a8   0x00000020   Data   RO         1685    .constdata          STemWin526_CM3_OS_Keil.lib(f16_ascii.o)
    0x0801a7c8   0x00000020   Data   RO         1686    .constdata          STemWin526_CM3_OS_Keil.lib(f16_ascii.o)
    0x0801a7e8   0x00000020   Data   RO         1687    .constdata          STemWin526_CM3_OS_Keil.lib(f16_ascii.o)
    0x0801a808   0x00000020   Data   RO         1688    .constdata          STemWin526_CM3_OS_Keil.lib(f16_ascii.o)
    0x0801a828   0x00000020   Data   RO         1689    .constdata          STemWin526_CM3_OS_Keil.lib(f16_ascii.o)
    0x0801a848   0x00000020   Data   RO         1690    .constdata          STemWin526_CM3_OS_Keil.lib(f16_ascii.o)
    0x0801a868   0x00000010   Data   RO         1691    .constdata          STemWin526_CM3_OS_Keil.lib(f16_ascii.o)
    0x0801a878   0x00000020   Data   RO         1692    .constdata          STemWin526_CM3_OS_Keil.lib(f16_ascii.o)
    0x0801a898   0x00000020   Data   RO         1693    .constdata          STemWin526_CM3_OS_Keil.lib(f16_ascii.o)
    0x0801a8b8   0x00000010   Data   RO         1694    .constdata          STemWin526_CM3_OS_Keil.lib(f16_ascii.o)
    0x0801a8c8   0x00000010   Data   RO         1695    .constdata          STemWin526_CM3_OS_Keil.lib(f16_ascii.o)
    0x0801a8d8   0x00000020   Data   RO         1696    .constdata          STemWin526_CM3_OS_Keil.lib(f16_ascii.o)
    0x0801a8f8   0x00000010   Data   RO         1697    .constdata          STemWin526_CM3_OS_Keil.lib(f16_ascii.o)
    0x0801a908   0x00000020   Data   RO         1698    .constdata          STemWin526_CM3_OS_Keil.lib(f16_ascii.o)
    0x0801a928   0x00000020   Data   RO         1699    .constdata          STemWin526_CM3_OS_Keil.lib(f16_ascii.o)
    0x0801a948   0x00000020   Data   RO         1700    .constdata          STemWin526_CM3_OS_Keil.lib(f16_ascii.o)
    0x0801a968   0x00000020   Data   RO         1701    .constdata          STemWin526_CM3_OS_Keil.lib(f16_ascii.o)
    0x0801a988   0x00000020   Data   RO         1702    .constdata          STemWin526_CM3_OS_Keil.lib(f16_ascii.o)
    0x0801a9a8   0x00000020   Data   RO         1703    .constdata          STemWin526_CM3_OS_Keil.lib(f16_ascii.o)
    0x0801a9c8   0x00000020   Data   RO         1704    .constdata          STemWin526_CM3_OS_Keil.lib(f16_ascii.o)
    0x0801a9e8   0x00000010   Data   RO         1705    .constdata          STemWin526_CM3_OS_Keil.lib(f16_ascii.o)
    0x0801a9f8   0x00000020   Data   RO         1706    .constdata          STemWin526_CM3_OS_Keil.lib(f16_ascii.o)
    0x0801aa18   0x00000020   Data   RO         1707    .constdata          STemWin526_CM3_OS_Keil.lib(f16_ascii.o)
    0x0801aa38   0x00000020   Data   RO         1708    .constdata          STemWin526_CM3_OS_Keil.lib(f16_ascii.o)
    0x0801aa58   0x00000010   Data   RO         1709    .constdata          STemWin526_CM3_OS_Keil.lib(f16_ascii.o)
    0x0801aa68   0x00000020   Data   RO         1710    .constdata          STemWin526_CM3_OS_Keil.lib(f16_ascii.o)
    0x0801aa88   0x00000010   Data   RO         1711    .constdata          STemWin526_CM3_OS_Keil.lib(f16_ascii.o)
    0x0801aa98   0x00000010   Data   RO         1712    .constdata          STemWin526_CM3_OS_Keil.lib(f16_ascii.o)
    0x0801aaa8   0x00000010   Data   RO         1713    .constdata          STemWin526_CM3_OS_Keil.lib(f16_ascii.o)
    0x0801aab8   0x00000010   Data   RO         1714    .constdata          STemWin526_CM3_OS_Keil.lib(f16_ascii.o)
    0x0801aac8   0x00000010   Data   RO         1715    .constdata          STemWin526_CM3_OS_Keil.lib(f16_ascii.o)
    0x0801aad8   0x00000010   Data   RO         1716    .constdata          STemWin526_CM3_OS_Keil.lib(f16_ascii.o)
    0x0801aae8   0x00000010   Data   RO         1717    .constdata          STemWin526_CM3_OS_Keil.lib(f16_ascii.o)
    0x0801aaf8   0x00000010   Data   RO         1718    .constdata          STemWin526_CM3_OS_Keil.lib(f16_ascii.o)
    0x0801ab08   0x00000010   Data   RO         1719    .constdata          STemWin526_CM3_OS_Keil.lib(f16_ascii.o)
    0x0801ab18   0x00000010   Data   RO         1720    .constdata          STemWin526_CM3_OS_Keil.lib(f16_ascii.o)
    0x0801ab28   0x00000010   Data   RO         1721    .constdata          STemWin526_CM3_OS_Keil.lib(f16_ascii.o)
    0x0801ab38   0x00000010   Data   RO         1722    .constdata          STemWin526_CM3_OS_Keil.lib(f16_ascii.o)
    0x0801ab48   0x00000010   Data   RO         1723    .constdata          STemWin526_CM3_OS_Keil.lib(f16_ascii.o)
    0x0801ab58   0x00000010   Data   RO         1724    .constdata          STemWin526_CM3_OS_Keil.lib(f16_ascii.o)
    0x0801ab68   0x00000010   Data   RO         1725    .constdata          STemWin526_CM3_OS_Keil.lib(f16_ascii.o)
    0x0801ab78   0x00000010   Data   RO         1726    .constdata          STemWin526_CM3_OS_Keil.lib(f16_ascii.o)
    0x0801ab88   0x00000010   Data   RO         1727    .constdata          STemWin526_CM3_OS_Keil.lib(f16_ascii.o)
    0x0801ab98   0x00000010   Data   RO         1728    .constdata          STemWin526_CM3_OS_Keil.lib(f16_ascii.o)
    0x0801aba8   0x00000010   Data   RO         1729    .constdata          STemWin526_CM3_OS_Keil.lib(f16_ascii.o)
    0x0801abb8   0x00000020   Data   RO         1730    .constdata          STemWin526_CM3_OS_Keil.lib(f16_ascii.o)
    0x0801abd8   0x00000010   Data   RO         1731    .constdata          STemWin526_CM3_OS_Keil.lib(f16_ascii.o)
    0x0801abe8   0x00000010   Data   RO         1732    .constdata          STemWin526_CM3_OS_Keil.lib(f16_ascii.o)
    0x0801abf8   0x00000010   Data   RO         1733    .constdata          STemWin526_CM3_OS_Keil.lib(f16_ascii.o)
    0x0801ac08   0x00000010   Data   RO         1734    .constdata          STemWin526_CM3_OS_Keil.lib(f16_ascii.o)
    0x0801ac18   0x00000010   Data   RO         1735    .constdata          STemWin526_CM3_OS_Keil.lib(f16_ascii.o)
    0x0801ac28   0x00000010   Data   RO         1736    .constdata          STemWin526_CM3_OS_Keil.lib(f16_ascii.o)
    0x0801ac38   0x00000010   Data   RO         1737    .constdata          STemWin526_CM3_OS_Keil.lib(f16_ascii.o)
    0x0801ac48   0x00000010   Data   RO         1738    .constdata          STemWin526_CM3_OS_Keil.lib(f16_ascii.o)
    0x0801ac58   0x00000010   Data   RO         1739    .constdata          STemWin526_CM3_OS_Keil.lib(f16_ascii.o)
    0x0801ac68   0x00000020   Data   RO         1740    .constdata          STemWin526_CM3_OS_Keil.lib(f16_ascii.o)
    0x0801ac88   0x00000010   Data   RO         1741    .constdata          STemWin526_CM3_OS_Keil.lib(f16_ascii.o)
    0x0801ac98   0x00000010   Data   RO         1742    .constdata          STemWin526_CM3_OS_Keil.lib(f16_ascii.o)
    0x0801aca8   0x00000010   Data   RO         1743    .constdata          STemWin526_CM3_OS_Keil.lib(f16_ascii.o)
    0x0801acb8   0x00000010   Data   RO         1744    .constdata          STemWin526_CM3_OS_Keil.lib(f16_ascii.o)
    0x0801acc8   0x00000010   Data   RO         1745    .constdata          STemWin526_CM3_OS_Keil.lib(f16_ascii.o)
    0x0801acd8   0x00000010   Data   RO         1746    .constdata          STemWin526_CM3_OS_Keil.lib(f16_ascii.o)
    0x0801ace8   0x00000010   Data   RO         1747    .constdata          STemWin526_CM3_OS_Keil.lib(f16_ascii.o)
    0x0801acf8   0x00000300   Data   RO         1748    .constdata          STemWin526_CM3_OS_Keil.lib(f16_ascii.o)
    0x0801aff8   0x0000000c   Data   RO         1749    .constdata          STemWin526_CM3_OS_Keil.lib(f16_ascii.o)
    0x0801b004   0x00000024   Data   RO         1750    .constdata          STemWin526_CM3_OS_Keil.lib(f16_ascii.o)
    0x0801b028   0x00000014   Data   RO         1751    .constdata          STemWin526_CM3_OS_Keil.lib(f20_ascii.o)
    0x0801b03c   0x00000014   Data   RO         1752    .constdata          STemWin526_CM3_OS_Keil.lib(f20_ascii.o)
    0x0801b050   0x00000014   Data   RO         1753    .constdata          STemWin526_CM3_OS_Keil.lib(f20_ascii.o)
    0x0801b064   0x00000028   Data   RO         1754    .constdata          STemWin526_CM3_OS_Keil.lib(f20_ascii.o)
    0x0801b08c   0x00000028   Data   RO         1755    .constdata          STemWin526_CM3_OS_Keil.lib(f20_ascii.o)
    0x0801b0b4   0x00000028   Data   RO         1756    .constdata          STemWin526_CM3_OS_Keil.lib(f20_ascii.o)
    0x0801b0dc   0x00000028   Data   RO         1757    .constdata          STemWin526_CM3_OS_Keil.lib(f20_ascii.o)
    0x0801b104   0x00000014   Data   RO         1758    .constdata          STemWin526_CM3_OS_Keil.lib(f20_ascii.o)
    0x0801b118   0x00000014   Data   RO         1759    .constdata          STemWin526_CM3_OS_Keil.lib(f20_ascii.o)
    0x0801b12c   0x00000014   Data   RO         1760    .constdata          STemWin526_CM3_OS_Keil.lib(f20_ascii.o)
    0x0801b140   0x00000014   Data   RO         1761    .constdata          STemWin526_CM3_OS_Keil.lib(f20_ascii.o)
    0x0801b154   0x00000028   Data   RO         1762    .constdata          STemWin526_CM3_OS_Keil.lib(f20_ascii.o)
    0x0801b17c   0x00000014   Data   RO         1763    .constdata          STemWin526_CM3_OS_Keil.lib(f20_ascii.o)
    0x0801b190   0x00000014   Data   RO         1764    .constdata          STemWin526_CM3_OS_Keil.lib(f20_ascii.o)
    0x0801b1a4   0x00000014   Data   RO         1765    .constdata          STemWin526_CM3_OS_Keil.lib(f20_ascii.o)
    0x0801b1b8   0x00000014   Data   RO         1766    .constdata          STemWin526_CM3_OS_Keil.lib(f20_ascii.o)
    0x0801b1cc   0x00000028   Data   RO         1767    .constdata          STemWin526_CM3_OS_Keil.lib(f20_ascii.o)
    0x0801b1f4   0x00000028   Data   RO         1768    .constdata          STemWin526_CM3_OS_Keil.lib(f20_ascii.o)
    0x0801b21c   0x00000028   Data   RO         1769    .constdata          STemWin526_CM3_OS_Keil.lib(f20_ascii.o)
    0x0801b244   0x00000028   Data   RO         1770    .constdata          STemWin526_CM3_OS_Keil.lib(f20_ascii.o)
    0x0801b26c   0x00000028   Data   RO         1771    .constdata          STemWin526_CM3_OS_Keil.lib(f20_ascii.o)
    0x0801b294   0x00000028   Data   RO         1772    .constdata          STemWin526_CM3_OS_Keil.lib(f20_ascii.o)
    0x0801b2bc   0x00000028   Data   RO         1773    .constdata          STemWin526_CM3_OS_Keil.lib(f20_ascii.o)
    0x0801b2e4   0x00000028   Data   RO         1774    .constdata          STemWin526_CM3_OS_Keil.lib(f20_ascii.o)
    0x0801b30c   0x00000028   Data   RO         1775    .constdata          STemWin526_CM3_OS_Keil.lib(f20_ascii.o)
    0x0801b334   0x00000028   Data   RO         1776    .constdata          STemWin526_CM3_OS_Keil.lib(f20_ascii.o)
    0x0801b35c   0x00000014   Data   RO         1777    .constdata          STemWin526_CM3_OS_Keil.lib(f20_ascii.o)
    0x0801b370   0x00000014   Data   RO         1778    .constdata          STemWin526_CM3_OS_Keil.lib(f20_ascii.o)
    0x0801b384   0x00000028   Data   RO         1779    .constdata          STemWin526_CM3_OS_Keil.lib(f20_ascii.o)
    0x0801b3ac   0x00000028   Data   RO         1780    .constdata          STemWin526_CM3_OS_Keil.lib(f20_ascii.o)
    0x0801b3d4   0x00000028   Data   RO         1781    .constdata          STemWin526_CM3_OS_Keil.lib(f20_ascii.o)
    0x0801b3fc   0x00000028   Data   RO         1782    .constdata          STemWin526_CM3_OS_Keil.lib(f20_ascii.o)
    0x0801b424   0x0000003c   Data   RO         1783    .constdata          STemWin526_CM3_OS_Keil.lib(f20_ascii.o)
    0x0801b460   0x00000028   Data   RO         1784    .constdata          STemWin526_CM3_OS_Keil.lib(f20_ascii.o)
    0x0801b488   0x00000028   Data   RO         1785    .constdata          STemWin526_CM3_OS_Keil.lib(f20_ascii.o)
    0x0801b4b0   0x00000028   Data   RO         1786    .constdata          STemWin526_CM3_OS_Keil.lib(f20_ascii.o)
    0x0801b4d8   0x00000028   Data   RO         1787    .constdata          STemWin526_CM3_OS_Keil.lib(f20_ascii.o)
    0x0801b500   0x00000028   Data   RO         1788    .constdata          STemWin526_CM3_OS_Keil.lib(f20_ascii.o)
    0x0801b528   0x00000028   Data   RO         1789    .constdata          STemWin526_CM3_OS_Keil.lib(f20_ascii.o)
    0x0801b550   0x00000028   Data   RO         1790    .constdata          STemWin526_CM3_OS_Keil.lib(f20_ascii.o)
    0x0801b578   0x00000028   Data   RO         1791    .constdata          STemWin526_CM3_OS_Keil.lib(f20_ascii.o)
    0x0801b5a0   0x00000014   Data   RO         1792    .constdata          STemWin526_CM3_OS_Keil.lib(f20_ascii.o)
    0x0801b5b4   0x00000028   Data   RO         1793    .constdata          STemWin526_CM3_OS_Keil.lib(f20_ascii.o)
    0x0801b5dc   0x00000028   Data   RO         1794    .constdata          STemWin526_CM3_OS_Keil.lib(f20_ascii.o)
    0x0801b604   0x00000028   Data   RO         1795    .constdata          STemWin526_CM3_OS_Keil.lib(f20_ascii.o)
    0x0801b62c   0x00000028   Data   RO         1796    .constdata          STemWin526_CM3_OS_Keil.lib(f20_ascii.o)
    0x0801b654   0x00000028   Data   RO         1797    .constdata          STemWin526_CM3_OS_Keil.lib(f20_ascii.o)
    0x0801b67c   0x00000028   Data   RO         1798    .constdata          STemWin526_CM3_OS_Keil.lib(f20_ascii.o)
    0x0801b6a4   0x00000028   Data   RO         1799    .constdata          STemWin526_CM3_OS_Keil.lib(f20_ascii.o)
    0x0801b6cc   0x00000028   Data   RO         1800    .constdata          STemWin526_CM3_OS_Keil.lib(f20_ascii.o)
    0x0801b6f4   0x00000028   Data   RO         1801    .constdata          STemWin526_CM3_OS_Keil.lib(f20_ascii.o)
    0x0801b71c   0x00000028   Data   RO         1802    .constdata          STemWin526_CM3_OS_Keil.lib(f20_ascii.o)
    0x0801b744   0x00000028   Data   RO         1803    .constdata          STemWin526_CM3_OS_Keil.lib(f20_ascii.o)
    0x0801b76c   0x00000028   Data   RO         1804    .constdata          STemWin526_CM3_OS_Keil.lib(f20_ascii.o)
    0x0801b794   0x00000028   Data   RO         1805    .constdata          STemWin526_CM3_OS_Keil.lib(f20_ascii.o)
    0x0801b7bc   0x0000003c   Data   RO         1806    .constdata          STemWin526_CM3_OS_Keil.lib(f20_ascii.o)
    0x0801b7f8   0x00000028   Data   RO         1807    .constdata          STemWin526_CM3_OS_Keil.lib(f20_ascii.o)
    0x0801b820   0x00000028   Data   RO         1808    .constdata          STemWin526_CM3_OS_Keil.lib(f20_ascii.o)
    0x0801b848   0x00000028   Data   RO         1809    .constdata          STemWin526_CM3_OS_Keil.lib(f20_ascii.o)
    0x0801b870   0x00000014   Data   RO         1810    .constdata          STemWin526_CM3_OS_Keil.lib(f20_ascii.o)
    0x0801b884   0x00000014   Data   RO         1811    .constdata          STemWin526_CM3_OS_Keil.lib(f20_ascii.o)
    0x0801b898   0x00000014   Data   RO         1812    .constdata          STemWin526_CM3_OS_Keil.lib(f20_ascii.o)
    0x0801b8ac   0x00000014   Data   RO         1813    .constdata          STemWin526_CM3_OS_Keil.lib(f20_ascii.o)
    0x0801b8c0   0x00000028   Data   RO         1814    .constdata          STemWin526_CM3_OS_Keil.lib(f20_ascii.o)
    0x0801b8e8   0x00000014   Data   RO         1815    .constdata          STemWin526_CM3_OS_Keil.lib(f20_ascii.o)
    0x0801b8fc   0x00000028   Data   RO         1816    .constdata          STemWin526_CM3_OS_Keil.lib(f20_ascii.o)
    0x0801b924   0x00000028   Data   RO         1817    .constdata          STemWin526_CM3_OS_Keil.lib(f20_ascii.o)
    0x0801b94c   0x00000028   Data   RO         1818    .constdata          STemWin526_CM3_OS_Keil.lib(f20_ascii.o)
    0x0801b974   0x00000028   Data   RO         1819    .constdata          STemWin526_CM3_OS_Keil.lib(f20_ascii.o)
    0x0801b99c   0x00000028   Data   RO         1820    .constdata          STemWin526_CM3_OS_Keil.lib(f20_ascii.o)
    0x0801b9c4   0x00000014   Data   RO         1821    .constdata          STemWin526_CM3_OS_Keil.lib(f20_ascii.o)
    0x0801b9d8   0x00000028   Data   RO         1822    .constdata          STemWin526_CM3_OS_Keil.lib(f20_ascii.o)
    0x0801ba00   0x00000028   Data   RO         1823    .constdata          STemWin526_CM3_OS_Keil.lib(f20_ascii.o)
    0x0801ba28   0x00000014   Data   RO         1824    .constdata          STemWin526_CM3_OS_Keil.lib(f20_ascii.o)
    0x0801ba3c   0x00000014   Data   RO         1825    .constdata          STemWin526_CM3_OS_Keil.lib(f20_ascii.o)
    0x0801ba50   0x00000028   Data   RO         1826    .constdata          STemWin526_CM3_OS_Keil.lib(f20_ascii.o)
    0x0801ba78   0x00000014   Data   RO         1827    .constdata          STemWin526_CM3_OS_Keil.lib(f20_ascii.o)
    0x0801ba8c   0x00000028   Data   RO         1828    .constdata          STemWin526_CM3_OS_Keil.lib(f20_ascii.o)
    0x0801bab4   0x00000028   Data   RO         1829    .constdata          STemWin526_CM3_OS_Keil.lib(f20_ascii.o)
    0x0801badc   0x00000028   Data   RO         1830    .constdata          STemWin526_CM3_OS_Keil.lib(f20_ascii.o)
    0x0801bb04   0x00000028   Data   RO         1831    .constdata          STemWin526_CM3_OS_Keil.lib(f20_ascii.o)
    0x0801bb2c   0x00000028   Data   RO         1832    .constdata          STemWin526_CM3_OS_Keil.lib(f20_ascii.o)
    0x0801bb54   0x00000014   Data   RO         1833    .constdata          STemWin526_CM3_OS_Keil.lib(f20_ascii.o)
    0x0801bb68   0x00000028   Data   RO         1834    .constdata          STemWin526_CM3_OS_Keil.lib(f20_ascii.o)
    0x0801bb90   0x00000014   Data   RO         1835    .constdata          STemWin526_CM3_OS_Keil.lib(f20_ascii.o)
    0x0801bba4   0x00000028   Data   RO         1836    .constdata          STemWin526_CM3_OS_Keil.lib(f20_ascii.o)
    0x0801bbcc   0x00000028   Data   RO         1837    .constdata          STemWin526_CM3_OS_Keil.lib(f20_ascii.o)
    0x0801bbf4   0x00000028   Data   RO         1838    .constdata          STemWin526_CM3_OS_Keil.lib(f20_ascii.o)
    0x0801bc1c   0x00000014   Data   RO         1839    .constdata          STemWin526_CM3_OS_Keil.lib(f20_ascii.o)
    0x0801bc30   0x00000028   Data   RO         1840    .constdata          STemWin526_CM3_OS_Keil.lib(f20_ascii.o)
    0x0801bc58   0x00000014   Data   RO         1841    .constdata          STemWin526_CM3_OS_Keil.lib(f20_ascii.o)
    0x0801bc6c   0x00000014   Data   RO         1842    .constdata          STemWin526_CM3_OS_Keil.lib(f20_ascii.o)
    0x0801bc80   0x00000014   Data   RO         1843    .constdata          STemWin526_CM3_OS_Keil.lib(f20_ascii.o)
    0x0801bc94   0x00000014   Data   RO         1844    .constdata          STemWin526_CM3_OS_Keil.lib(f20_ascii.o)
    0x0801bca8   0x00000028   Data   RO         1845    .constdata          STemWin526_CM3_OS_Keil.lib(f20_ascii.o)
    0x0801bcd0   0x000002f8   Data   RO         1846    .constdata          STemWin526_CM3_OS_Keil.lib(f20_ascii.o)
    0x0801bfc8   0x0000000c   Data   RO         1847    .constdata          STemWin526_CM3_OS_Keil.lib(f20_ascii.o)
    0x0801bfd4   0x00000024   Data   RO         1848    .constdata          STemWin526_CM3_OS_Keil.lib(f20_ascii.o)
    0x0801bff8   0x00000018   Data   RO         1849    .constdata          STemWin526_CM3_OS_Keil.lib(f24_ascii.o)
    0x0801c010   0x00000018   Data   RO         1850    .constdata          STemWin526_CM3_OS_Keil.lib(f24_ascii.o)
    0x0801c028   0x00000018   Data   RO         1851    .constdata          STemWin526_CM3_OS_Keil.lib(f24_ascii.o)
    0x0801c040   0x00000030   Data   RO         1852    .constdata          STemWin526_CM3_OS_Keil.lib(f24_ascii.o)
    0x0801c070   0x00000030   Data   RO         1853    .constdata          STemWin526_CM3_OS_Keil.lib(f24_ascii.o)
    0x0801c0a0   0x00000048   Data   RO         1854    .constdata          STemWin526_CM3_OS_Keil.lib(f24_ascii.o)
    0x0801c0e8   0x00000030   Data   RO         1855    .constdata          STemWin526_CM3_OS_Keil.lib(f24_ascii.o)
    0x0801c118   0x00000018   Data   RO         1856    .constdata          STemWin526_CM3_OS_Keil.lib(f24_ascii.o)
    0x0801c130   0x00000018   Data   RO         1857    .constdata          STemWin526_CM3_OS_Keil.lib(f24_ascii.o)
    0x0801c148   0x00000018   Data   RO         1858    .constdata          STemWin526_CM3_OS_Keil.lib(f24_ascii.o)
    0x0801c160   0x00000018   Data   RO         1859    .constdata          STemWin526_CM3_OS_Keil.lib(f24_ascii.o)
    0x0801c178   0x00000030   Data   RO         1860    .constdata          STemWin526_CM3_OS_Keil.lib(f24_ascii.o)
    0x0801c1a8   0x00000018   Data   RO         1861    .constdata          STemWin526_CM3_OS_Keil.lib(f24_ascii.o)
    0x0801c1c0   0x00000018   Data   RO         1862    .constdata          STemWin526_CM3_OS_Keil.lib(f24_ascii.o)
    0x0801c1d8   0x00000018   Data   RO         1863    .constdata          STemWin526_CM3_OS_Keil.lib(f24_ascii.o)
    0x0801c1f0   0x00000018   Data   RO         1864    .constdata          STemWin526_CM3_OS_Keil.lib(f24_ascii.o)
    0x0801c208   0x00000030   Data   RO         1865    .constdata          STemWin526_CM3_OS_Keil.lib(f24_ascii.o)
    0x0801c238   0x00000030   Data   RO         1866    .constdata          STemWin526_CM3_OS_Keil.lib(f24_ascii.o)
    0x0801c268   0x00000030   Data   RO         1867    .constdata          STemWin526_CM3_OS_Keil.lib(f24_ascii.o)
    0x0801c298   0x00000030   Data   RO         1868    .constdata          STemWin526_CM3_OS_Keil.lib(f24_ascii.o)
    0x0801c2c8   0x00000030   Data   RO         1869    .constdata          STemWin526_CM3_OS_Keil.lib(f24_ascii.o)
    0x0801c2f8   0x00000030   Data   RO         1870    .constdata          STemWin526_CM3_OS_Keil.lib(f24_ascii.o)
    0x0801c328   0x00000030   Data   RO         1871    .constdata          STemWin526_CM3_OS_Keil.lib(f24_ascii.o)
    0x0801c358   0x00000030   Data   RO         1872    .constdata          STemWin526_CM3_OS_Keil.lib(f24_ascii.o)
    0x0801c388   0x00000030   Data   RO         1873    .constdata          STemWin526_CM3_OS_Keil.lib(f24_ascii.o)
    0x0801c3b8   0x00000030   Data   RO         1874    .constdata          STemWin526_CM3_OS_Keil.lib(f24_ascii.o)
    0x0801c3e8   0x00000018   Data   RO         1875    .constdata          STemWin526_CM3_OS_Keil.lib(f24_ascii.o)
    0x0801c400   0x00000018   Data   RO         1876    .constdata          STemWin526_CM3_OS_Keil.lib(f24_ascii.o)
    0x0801c418   0x00000030   Data   RO         1877    .constdata          STemWin526_CM3_OS_Keil.lib(f24_ascii.o)
    0x0801c448   0x00000030   Data   RO         1878    .constdata          STemWin526_CM3_OS_Keil.lib(f24_ascii.o)
    0x0801c478   0x00000030   Data   RO         1879    .constdata          STemWin526_CM3_OS_Keil.lib(f24_ascii.o)
    0x0801c4a8   0x00000030   Data   RO         1880    .constdata          STemWin526_CM3_OS_Keil.lib(f24_ascii.o)
    0x0801c4d8   0x00000048   Data   RO         1881    .constdata          STemWin526_CM3_OS_Keil.lib(f24_ascii.o)
    0x0801c520   0x00000030   Data   RO         1882    .constdata          STemWin526_CM3_OS_Keil.lib(f24_ascii.o)
    0x0801c550   0x00000030   Data   RO         1883    .constdata          STemWin526_CM3_OS_Keil.lib(f24_ascii.o)
    0x0801c580   0x00000030   Data   RO         1884    .constdata          STemWin526_CM3_OS_Keil.lib(f24_ascii.o)
    0x0801c5b0   0x00000030   Data   RO         1885    .constdata          STemWin526_CM3_OS_Keil.lib(f24_ascii.o)
    0x0801c5e0   0x00000030   Data   RO         1886    .constdata          STemWin526_CM3_OS_Keil.lib(f24_ascii.o)
    0x0801c610   0x00000030   Data   RO         1887    .constdata          STemWin526_CM3_OS_Keil.lib(f24_ascii.o)
    0x0801c640   0x00000030   Data   RO         1888    .constdata          STemWin526_CM3_OS_Keil.lib(f24_ascii.o)
    0x0801c670   0x00000030   Data   RO         1889    .constdata          STemWin526_CM3_OS_Keil.lib(f24_ascii.o)
    0x0801c6a0   0x00000018   Data   RO         1890    .constdata          STemWin526_CM3_OS_Keil.lib(f24_ascii.o)
    0x0801c6b8   0x00000030   Data   RO         1891    .constdata          STemWin526_CM3_OS_Keil.lib(f24_ascii.o)
    0x0801c6e8   0x00000030   Data   RO         1892    .constdata          STemWin526_CM3_OS_Keil.lib(f24_ascii.o)
    0x0801c718   0x00000030   Data   RO         1893    .constdata          STemWin526_CM3_OS_Keil.lib(f24_ascii.o)
    0x0801c748   0x00000048   Data   RO         1894    .constdata          STemWin526_CM3_OS_Keil.lib(f24_ascii.o)
    0x0801c790   0x00000030   Data   RO         1895    .constdata          STemWin526_CM3_OS_Keil.lib(f24_ascii.o)
    0x0801c7c0   0x00000030   Data   RO         1896    .constdata          STemWin526_CM3_OS_Keil.lib(f24_ascii.o)
    0x0801c7f0   0x00000030   Data   RO         1897    .constdata          STemWin526_CM3_OS_Keil.lib(f24_ascii.o)
    0x0801c820   0x00000030   Data   RO         1898    .constdata          STemWin526_CM3_OS_Keil.lib(f24_ascii.o)
    0x0801c850   0x00000030   Data   RO         1899    .constdata          STemWin526_CM3_OS_Keil.lib(f24_ascii.o)
    0x0801c880   0x00000030   Data   RO         1900    .constdata          STemWin526_CM3_OS_Keil.lib(f24_ascii.o)
    0x0801c8b0   0x00000030   Data   RO         1901    .constdata          STemWin526_CM3_OS_Keil.lib(f24_ascii.o)
    0x0801c8e0   0x00000030   Data   RO         1902    .constdata          STemWin526_CM3_OS_Keil.lib(f24_ascii.o)
    0x0801c910   0x00000030   Data   RO         1903    .constdata          STemWin526_CM3_OS_Keil.lib(f24_ascii.o)
    0x0801c940   0x00000048   Data   RO         1904    .constdata          STemWin526_CM3_OS_Keil.lib(f24_ascii.o)
    0x0801c988   0x00000030   Data   RO         1905    .constdata          STemWin526_CM3_OS_Keil.lib(f24_ascii.o)
    0x0801c9b8   0x00000030   Data   RO         1906    .constdata          STemWin526_CM3_OS_Keil.lib(f24_ascii.o)
    0x0801c9e8   0x00000030   Data   RO         1907    .constdata          STemWin526_CM3_OS_Keil.lib(f24_ascii.o)
    0x0801ca18   0x00000018   Data   RO         1908    .constdata          STemWin526_CM3_OS_Keil.lib(f24_ascii.o)
    0x0801ca30   0x00000018   Data   RO         1909    .constdata          STemWin526_CM3_OS_Keil.lib(f24_ascii.o)
    0x0801ca48   0x00000018   Data   RO         1910    .constdata          STemWin526_CM3_OS_Keil.lib(f24_ascii.o)
    0x0801ca60   0x00000018   Data   RO         1911    .constdata          STemWin526_CM3_OS_Keil.lib(f24_ascii.o)
    0x0801ca78   0x00000030   Data   RO         1912    .constdata          STemWin526_CM3_OS_Keil.lib(f24_ascii.o)
    0x0801caa8   0x00000018   Data   RO         1913    .constdata          STemWin526_CM3_OS_Keil.lib(f24_ascii.o)
    0x0801cac0   0x00000030   Data   RO         1914    .constdata          STemWin526_CM3_OS_Keil.lib(f24_ascii.o)
    0x0801caf0   0x00000030   Data   RO         1915    .constdata          STemWin526_CM3_OS_Keil.lib(f24_ascii.o)
    0x0801cb20   0x00000030   Data   RO         1916    .constdata          STemWin526_CM3_OS_Keil.lib(f24_ascii.o)
    0x0801cb50   0x00000030   Data   RO         1917    .constdata          STemWin526_CM3_OS_Keil.lib(f24_ascii.o)
    0x0801cb80   0x00000030   Data   RO         1918    .constdata          STemWin526_CM3_OS_Keil.lib(f24_ascii.o)
    0x0801cbb0   0x00000018   Data   RO         1919    .constdata          STemWin526_CM3_OS_Keil.lib(f24_ascii.o)
    0x0801cbc8   0x00000030   Data   RO         1920    .constdata          STemWin526_CM3_OS_Keil.lib(f24_ascii.o)
    0x0801cbf8   0x00000030   Data   RO         1921    .constdata          STemWin526_CM3_OS_Keil.lib(f24_ascii.o)
    0x0801cc28   0x00000018   Data   RO         1922    .constdata          STemWin526_CM3_OS_Keil.lib(f24_ascii.o)
    0x0801cc40   0x00000018   Data   RO         1923    .constdata          STemWin526_CM3_OS_Keil.lib(f24_ascii.o)
    0x0801cc58   0x00000030   Data   RO         1924    .constdata          STemWin526_CM3_OS_Keil.lib(f24_ascii.o)
    0x0801cc88   0x00000018   Data   RO         1925    .constdata          STemWin526_CM3_OS_Keil.lib(f24_ascii.o)
    0x0801cca0   0x00000030   Data   RO         1926    .constdata          STemWin526_CM3_OS_Keil.lib(f24_ascii.o)
    0x0801ccd0   0x00000030   Data   RO         1927    .constdata          STemWin526_CM3_OS_Keil.lib(f24_ascii.o)
    0x0801cd00   0x00000030   Data   RO         1928    .constdata          STemWin526_CM3_OS_Keil.lib(f24_ascii.o)
    0x0801cd30   0x00000030   Data   RO         1929    .constdata          STemWin526_CM3_OS_Keil.lib(f24_ascii.o)
    0x0801cd60   0x00000030   Data   RO         1930    .constdata          STemWin526_CM3_OS_Keil.lib(f24_ascii.o)
    0x0801cd90   0x00000018   Data   RO         1931    .constdata          STemWin526_CM3_OS_Keil.lib(f24_ascii.o)
    0x0801cda8   0x00000030   Data   RO         1932    .constdata          STemWin526_CM3_OS_Keil.lib(f24_ascii.o)
    0x0801cdd8   0x00000018   Data   RO         1933    .constdata          STemWin526_CM3_OS_Keil.lib(f24_ascii.o)
    0x0801cdf0   0x00000030   Data   RO         1934    .constdata          STemWin526_CM3_OS_Keil.lib(f24_ascii.o)
    0x0801ce20   0x00000030   Data   RO         1935    .constdata          STemWin526_CM3_OS_Keil.lib(f24_ascii.o)
    0x0801ce50   0x00000030   Data   RO         1936    .constdata          STemWin526_CM3_OS_Keil.lib(f24_ascii.o)
    0x0801ce80   0x00000030   Data   RO         1937    .constdata          STemWin526_CM3_OS_Keil.lib(f24_ascii.o)
    0x0801ceb0   0x00000030   Data   RO         1938    .constdata          STemWin526_CM3_OS_Keil.lib(f24_ascii.o)
    0x0801cee0   0x00000030   Data   RO         1939    .constdata          STemWin526_CM3_OS_Keil.lib(f24_ascii.o)
    0x0801cf10   0x00000018   Data   RO         1940    .constdata          STemWin526_CM3_OS_Keil.lib(f24_ascii.o)
    0x0801cf28   0x00000018   Data   RO         1941    .constdata          STemWin526_CM3_OS_Keil.lib(f24_ascii.o)
    0x0801cf40   0x00000018   Data   RO         1942    .constdata          STemWin526_CM3_OS_Keil.lib(f24_ascii.o)
    0x0801cf58   0x00000030   Data   RO         1943    .constdata          STemWin526_CM3_OS_Keil.lib(f24_ascii.o)
    0x0801cf88   0x000002f8   Data   RO         1944    .constdata          STemWin526_CM3_OS_Keil.lib(f24_ascii.o)
    0x0801d280   0x0000000c   Data   RO         1945    .constdata          STemWin526_CM3_OS_Keil.lib(f24_ascii.o)
    0x0801d28c   0x00000024   Data   RO         1946    .constdata          STemWin526_CM3_OS_Keil.lib(f24_ascii.o)
    0x0801d2b0   0x00000030   Data   RO         1947    .constdata          STemWin526_CM3_OS_Keil.lib(fcomic24b_ascii.o)
    0x0801d2e0   0x00000018   Data   RO         1948    .constdata          STemWin526_CM3_OS_Keil.lib(fcomic24b_ascii.o)
    0x0801d2f8   0x00000030   Data   RO         1949    .constdata          STemWin526_CM3_OS_Keil.lib(fcomic24b_ascii.o)
    0x0801d328   0x00000048   Data   RO         1950    .constdata          STemWin526_CM3_OS_Keil.lib(fcomic24b_ascii.o)
    0x0801d370   0x00000030   Data   RO         1951    .constdata          STemWin526_CM3_OS_Keil.lib(fcomic24b_ascii.o)
    0x0801d3a0   0x00000048   Data   RO         1952    .constdata          STemWin526_CM3_OS_Keil.lib(fcomic24b_ascii.o)
    0x0801d3e8   0x00000030   Data   RO         1953    .constdata          STemWin526_CM3_OS_Keil.lib(fcomic24b_ascii.o)
    0x0801d418   0x00000030   Data   RO         1954    .constdata          STemWin526_CM3_OS_Keil.lib(fcomic24b_ascii.o)
    0x0801d448   0x00000018   Data   RO         1955    .constdata          STemWin526_CM3_OS_Keil.lib(fcomic24b_ascii.o)
    0x0801d460   0x00000018   Data   RO         1956    .constdata          STemWin526_CM3_OS_Keil.lib(fcomic24b_ascii.o)
    0x0801d478   0x00000030   Data   RO         1957    .constdata          STemWin526_CM3_OS_Keil.lib(fcomic24b_ascii.o)
    0x0801d4a8   0x00000030   Data   RO         1958    .constdata          STemWin526_CM3_OS_Keil.lib(fcomic24b_ascii.o)
    0x0801d4d8   0x00000030   Data   RO         1959    .constdata          STemWin526_CM3_OS_Keil.lib(fcomic24b_ascii.o)
    0x0801d508   0x00000030   Data   RO         1960    .constdata          STemWin526_CM3_OS_Keil.lib(fcomic24b_ascii.o)
    0x0801d538   0x00000030   Data   RO         1961    .constdata          STemWin526_CM3_OS_Keil.lib(fcomic24b_ascii.o)
    0x0801d568   0x00000030   Data   RO         1962    .constdata          STemWin526_CM3_OS_Keil.lib(fcomic24b_ascii.o)
    0x0801d598   0x00000030   Data   RO         1963    .constdata          STemWin526_CM3_OS_Keil.lib(fcomic24b_ascii.o)
    0x0801d5c8   0x00000030   Data   RO         1964    .constdata          STemWin526_CM3_OS_Keil.lib(fcomic24b_ascii.o)
    0x0801d5f8   0x00000030   Data   RO         1965    .constdata          STemWin526_CM3_OS_Keil.lib(fcomic24b_ascii.o)
    0x0801d628   0x00000030   Data   RO         1966    .constdata          STemWin526_CM3_OS_Keil.lib(fcomic24b_ascii.o)
    0x0801d658   0x00000030   Data   RO         1967    .constdata          STemWin526_CM3_OS_Keil.lib(fcomic24b_ascii.o)
    0x0801d688   0x00000030   Data   RO         1968    .constdata          STemWin526_CM3_OS_Keil.lib(fcomic24b_ascii.o)
    0x0801d6b8   0x00000030   Data   RO         1969    .constdata          STemWin526_CM3_OS_Keil.lib(fcomic24b_ascii.o)
    0x0801d6e8   0x00000030   Data   RO         1970    .constdata          STemWin526_CM3_OS_Keil.lib(fcomic24b_ascii.o)
    0x0801d718   0x00000030   Data   RO         1971    .constdata          STemWin526_CM3_OS_Keil.lib(fcomic24b_ascii.o)
    0x0801d748   0x00000030   Data   RO         1972    .constdata          STemWin526_CM3_OS_Keil.lib(fcomic24b_ascii.o)
    0x0801d778   0x00000030   Data   RO         1973    .constdata          STemWin526_CM3_OS_Keil.lib(fcomic24b_ascii.o)
    0x0801d7a8   0x00000030   Data   RO         1974    .constdata          STemWin526_CM3_OS_Keil.lib(fcomic24b_ascii.o)
    0x0801d7d8   0x00000030   Data   RO         1975    .constdata          STemWin526_CM3_OS_Keil.lib(fcomic24b_ascii.o)
    0x0801d808   0x00000030   Data   RO         1976    .constdata          STemWin526_CM3_OS_Keil.lib(fcomic24b_ascii.o)
    0x0801d838   0x00000030   Data   RO         1977    .constdata          STemWin526_CM3_OS_Keil.lib(fcomic24b_ascii.o)
    0x0801d868   0x00000030   Data   RO         1978    .constdata          STemWin526_CM3_OS_Keil.lib(fcomic24b_ascii.o)
    0x0801d898   0x00000048   Data   RO         1979    .constdata          STemWin526_CM3_OS_Keil.lib(fcomic24b_ascii.o)
    0x0801d8e0   0x00000030   Data   RO         1980    .constdata          STemWin526_CM3_OS_Keil.lib(fcomic24b_ascii.o)
    0x0801d910   0x00000030   Data   RO         1981    .constdata          STemWin526_CM3_OS_Keil.lib(fcomic24b_ascii.o)
    0x0801d940   0x00000030   Data   RO         1982    .constdata          STemWin526_CM3_OS_Keil.lib(fcomic24b_ascii.o)
    0x0801d970   0x00000030   Data   RO         1983    .constdata          STemWin526_CM3_OS_Keil.lib(fcomic24b_ascii.o)
    0x0801d9a0   0x00000030   Data   RO         1984    .constdata          STemWin526_CM3_OS_Keil.lib(fcomic24b_ascii.o)
    0x0801d9d0   0x00000030   Data   RO         1985    .constdata          STemWin526_CM3_OS_Keil.lib(fcomic24b_ascii.o)
    0x0801da00   0x00000030   Data   RO         1986    .constdata          STemWin526_CM3_OS_Keil.lib(fcomic24b_ascii.o)
    0x0801da30   0x00000030   Data   RO         1987    .constdata          STemWin526_CM3_OS_Keil.lib(fcomic24b_ascii.o)
    0x0801da60   0x00000030   Data   RO         1988    .constdata          STemWin526_CM3_OS_Keil.lib(fcomic24b_ascii.o)
    0x0801da90   0x00000030   Data   RO         1989    .constdata          STemWin526_CM3_OS_Keil.lib(fcomic24b_ascii.o)
    0x0801dac0   0x00000030   Data   RO         1990    .constdata          STemWin526_CM3_OS_Keil.lib(fcomic24b_ascii.o)
    0x0801daf0   0x00000030   Data   RO         1991    .constdata          STemWin526_CM3_OS_Keil.lib(fcomic24b_ascii.o)
    0x0801db20   0x00000048   Data   RO         1992    .constdata          STemWin526_CM3_OS_Keil.lib(fcomic24b_ascii.o)
    0x0801db68   0x00000048   Data   RO         1993    .constdata          STemWin526_CM3_OS_Keil.lib(fcomic24b_ascii.o)
    0x0801dbb0   0x00000048   Data   RO         1994    .constdata          STemWin526_CM3_OS_Keil.lib(fcomic24b_ascii.o)
    0x0801dbf8   0x00000030   Data   RO         1995    .constdata          STemWin526_CM3_OS_Keil.lib(fcomic24b_ascii.o)
    0x0801dc28   0x00000048   Data   RO         1996    .constdata          STemWin526_CM3_OS_Keil.lib(fcomic24b_ascii.o)
    0x0801dc70   0x00000030   Data   RO         1997    .constdata          STemWin526_CM3_OS_Keil.lib(fcomic24b_ascii.o)
    0x0801dca0   0x00000030   Data   RO         1998    .constdata          STemWin526_CM3_OS_Keil.lib(fcomic24b_ascii.o)
    0x0801dcd0   0x00000030   Data   RO         1999    .constdata          STemWin526_CM3_OS_Keil.lib(fcomic24b_ascii.o)
    0x0801dd00   0x00000030   Data   RO         2000    .constdata          STemWin526_CM3_OS_Keil.lib(fcomic24b_ascii.o)
    0x0801dd30   0x00000030   Data   RO         2001    .constdata          STemWin526_CM3_OS_Keil.lib(fcomic24b_ascii.o)
    0x0801dd60   0x00000048   Data   RO         2002    .constdata          STemWin526_CM3_OS_Keil.lib(fcomic24b_ascii.o)
    0x0801dda8   0x00000030   Data   RO         2003    .constdata          STemWin526_CM3_OS_Keil.lib(fcomic24b_ascii.o)
    0x0801ddd8   0x00000030   Data   RO         2004    .constdata          STemWin526_CM3_OS_Keil.lib(fcomic24b_ascii.o)
    0x0801de08   0x00000030   Data   RO         2005    .constdata          STemWin526_CM3_OS_Keil.lib(fcomic24b_ascii.o)
    0x0801de38   0x00000018   Data   RO         2006    .constdata          STemWin526_CM3_OS_Keil.lib(fcomic24b_ascii.o)
    0x0801de50   0x00000030   Data   RO         2007    .constdata          STemWin526_CM3_OS_Keil.lib(fcomic24b_ascii.o)
    0x0801de80   0x00000018   Data   RO         2008    .constdata          STemWin526_CM3_OS_Keil.lib(fcomic24b_ascii.o)
    0x0801de98   0x00000030   Data   RO         2009    .constdata          STemWin526_CM3_OS_Keil.lib(fcomic24b_ascii.o)
    0x0801dec8   0x00000030   Data   RO         2010    .constdata          STemWin526_CM3_OS_Keil.lib(fcomic24b_ascii.o)
    0x0801def8   0x00000030   Data   RO         2011    .constdata          STemWin526_CM3_OS_Keil.lib(fcomic24b_ascii.o)
    0x0801df28   0x00000030   Data   RO         2012    .constdata          STemWin526_CM3_OS_Keil.lib(fcomic24b_ascii.o)
    0x0801df58   0x00000030   Data   RO         2013    .constdata          STemWin526_CM3_OS_Keil.lib(fcomic24b_ascii.o)
    0x0801df88   0x00000030   Data   RO         2014    .constdata          STemWin526_CM3_OS_Keil.lib(fcomic24b_ascii.o)
    0x0801dfb8   0x00000030   Data   RO         2015    .constdata          STemWin526_CM3_OS_Keil.lib(fcomic24b_ascii.o)
    0x0801dfe8   0x00000030   Data   RO         2016    .constdata          STemWin526_CM3_OS_Keil.lib(fcomic24b_ascii.o)
    0x0801e018   0x00000030   Data   RO         2017    .constdata          STemWin526_CM3_OS_Keil.lib(fcomic24b_ascii.o)
    0x0801e048   0x00000030   Data   RO         2018    .constdata          STemWin526_CM3_OS_Keil.lib(fcomic24b_ascii.o)
    0x0801e078   0x00000030   Data   RO         2019    .constdata          STemWin526_CM3_OS_Keil.lib(fcomic24b_ascii.o)
    0x0801e0a8   0x00000018   Data   RO         2020    .constdata          STemWin526_CM3_OS_Keil.lib(fcomic24b_ascii.o)
    0x0801e0c0   0x00000018   Data   RO         2021    .constdata          STemWin526_CM3_OS_Keil.lib(fcomic24b_ascii.o)
    0x0801e0d8   0x00000030   Data   RO         2022    .constdata          STemWin526_CM3_OS_Keil.lib(fcomic24b_ascii.o)
    0x0801e108   0x00000018   Data   RO         2023    .constdata          STemWin526_CM3_OS_Keil.lib(fcomic24b_ascii.o)
    0x0801e120   0x00000030   Data   RO         2024    .constdata          STemWin526_CM3_OS_Keil.lib(fcomic24b_ascii.o)
    0x0801e150   0x00000030   Data   RO         2025    .constdata          STemWin526_CM3_OS_Keil.lib(fcomic24b_ascii.o)
    0x0801e180   0x00000030   Data   RO         2026    .constdata          STemWin526_CM3_OS_Keil.lib(fcomic24b_ascii.o)
    0x0801e1b0   0x00000030   Data   RO         2027    .constdata          STemWin526_CM3_OS_Keil.lib(fcomic24b_ascii.o)
    0x0801e1e0   0x00000030   Data   RO         2028    .constdata          STemWin526_CM3_OS_Keil.lib(fcomic24b_ascii.o)
    0x0801e210   0x00000030   Data   RO         2029    .constdata          STemWin526_CM3_OS_Keil.lib(fcomic24b_ascii.o)
    0x0801e240   0x00000030   Data   RO         2030    .constdata          STemWin526_CM3_OS_Keil.lib(fcomic24b_ascii.o)
    0x0801e270   0x00000030   Data   RO         2031    .constdata          STemWin526_CM3_OS_Keil.lib(fcomic24b_ascii.o)
    0x0801e2a0   0x00000030   Data   RO         2032    .constdata          STemWin526_CM3_OS_Keil.lib(fcomic24b_ascii.o)
    0x0801e2d0   0x00000030   Data   RO         2033    .constdata          STemWin526_CM3_OS_Keil.lib(fcomic24b_ascii.o)
    0x0801e300   0x00000030   Data   RO         2034    .constdata          STemWin526_CM3_OS_Keil.lib(fcomic24b_ascii.o)
    0x0801e330   0x00000030   Data   RO         2035    .constdata          STemWin526_CM3_OS_Keil.lib(fcomic24b_ascii.o)
    0x0801e360   0x00000030   Data   RO         2036    .constdata          STemWin526_CM3_OS_Keil.lib(fcomic24b_ascii.o)
    0x0801e390   0x00000030   Data   RO         2037    .constdata          STemWin526_CM3_OS_Keil.lib(fcomic24b_ascii.o)
    0x0801e3c0   0x00000018   Data   RO         2038    .constdata          STemWin526_CM3_OS_Keil.lib(fcomic24b_ascii.o)
    0x0801e3d8   0x00000030   Data   RO         2039    .constdata          STemWin526_CM3_OS_Keil.lib(fcomic24b_ascii.o)
    0x0801e408   0x00000018   Data   RO         2040    .constdata          STemWin526_CM3_OS_Keil.lib(fcomic24b_ascii.o)
    0x0801e420   0x00000030   Data   RO         2041    .constdata          STemWin526_CM3_OS_Keil.lib(fcomic24b_ascii.o)
    0x0801e450   0x00000030   Data   RO         2042    .constdata          STemWin526_CM3_OS_Keil.lib(fcomic24b_ascii.o)
    0x0801e480   0x00000300   Data   RO         2043    .constdata          STemWin526_CM3_OS_Keil.lib(fcomic24b_ascii.o)
    0x0801e780   0x0000000c   Data   RO         2044    .constdata          STemWin526_CM3_OS_Keil.lib(fcomic24b_ascii.o)
    0x0801e78c   0x00000024   Data   RO         2045    .constdata          STemWin526_CM3_OS_Keil.lib(fcomic24b_ascii.o)
    0x0801e7b0   0x00000074   Data   RO         2083    .constdata          STemWin526_CM3_OS_Keil.lib(guidev_16.o)
    0x0801e824   0x00000020   Data   RO         2102    .constdata          STemWin526_CM3_OS_Keil.lib(gui__divtbl_31_255.o)
    0x0801e844   0x00000040   Data   RO         2103    .constdata          STemWin526_CM3_OS_Keil.lib(gui__divtbl_63_255.o)
    0x0801e884   0x00000100   Data   RO         2104    .constdata          STemWin526_CM3_OS_Keil.lib(gui__divtbl_255_31.o)
    0x0801e984   0x00000100   Data   RO         2105    .constdata          STemWin526_CM3_OS_Keil.lib(gui__divtbl_255_63.o)
    0x0801ea84   0x00000010   Data   RO         2374    .constdata          STemWin526_CM3_OS_Keil.lib(gui_uc_encodenone.o)
    0x0801ea94   0x00000018   Data   RO         2384    .constdata          STemWin526_CM3_OS_Keil.lib(guicc_8888.o)
    0x0801eaac   0x0000000c   Data   RO         2407    .constdata          STemWin526_CM3_OS_Keil.lib(lcd.o)
    0x0801eab8   0x00000100   Data   RO         2442    .constdata          STemWin526_CM3_OS_Keil.lib(lcd_mirror.o)
    0x0801ebb8   0x00000018   Data   RO         2457    .constdata          STemWin526_CM3_OS_Keil.lib(guidev_usagebm.o)
    0x0801ebd0   0x00000008   Data   RO         2469    .constdata          STemWin526_CM3_OS_Keil.lib(guidev_writetoactiveopaque.o)
    0x0801ebd8   0x00000018   Data   RO         2694    .constdata          STemWin526_CM3_OS_Keil.lib(guicc_0.o)
    0x0801ebf0   0x00000074   Data   RO         2942    .constdata          STemWin526_CM3_OS_Keil.lib(guidev_32.o)
    0x0801ec64   0x00000028   Data   RO         3114    .constdata          c_w.l(_printf_hex_int.o)
    0x0801ec8c   0x00000011   Data   RO         3149    .constdata          c_w.l(__printf_flags_ss_wp.o)
    0x0801ec9d   0x00000003   PAD
    0x0801eca0   0x00000079   Data   RO          421    .conststring        touch.o
    0x0801ed19   0x00000003   PAD
    0x0801ed1c   0x00000028   Data   RO          507    .conststring        usmart.o
    0x0801ed44   0x0000006b   Data   RO          529    .conststring        usmart_config.o
    0x0801edaf   0x00000001   PAD
    0x0801edb0   0x00000020   Data   RO         3418    Region$$Table       anon$$obj.o


    Execution Region RW_IRAM1 (Base: 0x20000000, Size: 0x0000bd80, Max: 0x0000c000, ABSOLUTE, COMPRESSED[0x000000e4])

    Base Addr    Size         Type   Attr      Idx    E Section Name        Object

    0x20000000   0x00000008   Data   RW            3    .data               main.o
    0x20000008   0x00000014   Data   RW          254    .data               system_stm32f10x.o
    0x2000001c   0x00000004   Data   RW          319    .data               ili93xx.o
    0x20000020   0x00000001   Data   RW          394    .data               ott2001a.o
    0x20000021   0x00000003   PAD
    0x20000024   0x0000003c   Data   RW          422    .data               touch.o
    0x20000060   0x00000004   Data   RW          444    .data               delay.o
    0x20000064   0x00000006   Data   RW          485    .data               usart.o
    0x2000006a   0x00000002   PAD
    0x2000006c   0x0000001c   Data   RW          508    .data               usmart.o
    0x20000088   0x00000114   Data   RW          530    .data               usmart_config.o
    0x2000019c   0x00000014   Data   RW          701    .data               stm32f10x_rcc.o
    0x200001b0   0x00000014   Data   RW          756    .data               malloc.o
    0x200001c4   0x00000011   Data   RW          774    .data               gui_x_os.o
    0x200001d5   0x00000003   PAD
    0x200001d8   0x00000048   Data   RW          914    .data               os_core.o
    0x20000220   0x00000008   Data   RW         1087    .data               STemWin526_CM3_OS_Keil.lib(gui_alloc.o)
    0x20000228   0x0000002c   Data   RW         1134    .data               STemWin526_CM3_OS_Keil.lib(gui_core.o)
    0x20000254   0x00000004   Data   RW         1135    .data               STemWin526_CM3_OS_Keil.lib(gui_core.o)
    0x20000258   0x00000004   Data   RW         1136    .data               STemWin526_CM3_OS_Keil.lib(gui_core.o)
    0x2000025c   0x00000004   Data   RW         1137    .data               STemWin526_CM3_OS_Keil.lib(gui_core.o)
    0x20000260   0x00000004   Data   RW         1138    .data               STemWin526_CM3_OS_Keil.lib(gui_core.o)
    0x20000264   0x00000004   Data   RW         1139    .data               STemWin526_CM3_OS_Keil.lib(gui_core.o)
    0x20000268   0x00000002   Data   RW         1140    .data               STemWin526_CM3_OS_Keil.lib(gui_core.o)
    0x2000026a   0x00000002   PAD
    0x2000026c   0x00000004   Data   RW         1141    .data               STemWin526_CM3_OS_Keil.lib(gui_core.o)
    0x20000270   0x00000002   Data   RW         1142    .data               STemWin526_CM3_OS_Keil.lib(gui_core.o)
    0x20000272   0x00000002   Data   RW         1143    .data               STemWin526_CM3_OS_Keil.lib(gui_core.o)
    0x20000274   0x00000030   Data   RW         1314    .data               STemWin526_CM3_OS_Keil.lib(gui_touch_driveranalog.o)
    0x200002a4   0x0000001c   Data   RW         1534    .data               STemWin526_CM3_OS_Keil.lib(guidrv_flexcolor.o)
    0x200002c0   0x00000008   Data   RW         1626    .data               STemWin526_CM3_OS_Keil.lib(guidrv_flexcolor_func66709.o)
    0x200002c8   0x00000004   Data   RW         2084    .data               STemWin526_CM3_OS_Keil.lib(guidev_16.o)
    0x200002cc   0x00000004   Data   RW         2153    .data               STemWin526_CM3_OS_Keil.lib(gui_charline.o)
    0x200002d0   0x00000004   Data   RW         2197    .data               STemWin526_CM3_OS_Keil.lib(gui_fillpolygon.o)
    0x200002d4   0x00000008   Data   RW         2212    .data               STemWin526_CM3_OS_Keil.lib(gui_pid.o)
    0x200002dc   0x00000008   Data   RW         2230    .data               STemWin526_CM3_OS_Keil.lib(gui_selectlayer.o)
    0x200002e4   0x0000001c   Data   RW         2342    .data               STemWin526_CM3_OS_Keil.lib(gui_task.o)
    0x20000300   0x00000008   Data   RW         2352    .data               STemWin526_CM3_OS_Keil.lib(gui_touch_storeunstable.o)
    0x20000308   0x00000004   Data   RW         2408    .data               STemWin526_CM3_OS_Keil.lib(lcd.o)
    0x2000030c   0x00000010   Data   RW         2434    .data               STemWin526_CM3_OS_Keil.lib(lcd_color.o)
    0x2000031c   0x00000060   Data   RW         2531    .data               STemWin526_CM3_OS_Keil.lib(wm.o)
    0x2000037c   0x00000001   Data   RW         2532    .data               STemWin526_CM3_OS_Keil.lib(wm.o)
    0x2000037d   0x00000003   PAD
    0x20000380   0x00000014   Data   RW         2602    .data               STemWin526_CM3_OS_Keil.lib(gui__managecache.o)
    0x20000394   0x0000000c   Data   RW         2651    .data               STemWin526_CM3_OS_Keil.lib(gui_onkey.o)
    0x200003a0   0x0000000c   Data   RW         2682    .data               STemWin526_CM3_OS_Keil.lib(gui_waitevent.o)
    0x200003ac   0x00000004   Data   RW         2711    .data               STemWin526_CM3_OS_Keil.lib(guidev_banding.o)
    0x200003b0   0x00000001   Data   RW         2726    .data               STemWin526_CM3_OS_Keil.lib(guidev_staticdevices.o)
    0x200003b1   0x00000003   PAD
    0x200003b4   0x00000004   Data   RW         2737    .data               STemWin526_CM3_OS_Keil.lib(wm__sendmessage.o)
    0x200003b8   0x0000000c   Data   RW         2779    .data               STemWin526_CM3_OS_Keil.lib(wm_touch.o)
    0x200003c4   0x00000028   Data   RW         2797    .data               STemWin526_CM3_OS_Keil.lib(gui__alpha.o)
    0x200003ec   0x00000020   Data   RW         2848    .data               STemWin526_CM3_OS_Keil.lib(gui_setalpha.o)
    0x2000040c   0x00000014   Data   RW         2902    .data               STemWin526_CM3_OS_Keil.lib(gui_timer.o)
    0x20000420   0x00000004   Data   RW         3049    .data               STemWin526_CM3_OS_Keil.lib(lcd_aa.o)
    0x20000424   0x00003360   Zero   RW            2    .bss                main.o
    0x20003784   0x0000000e   Zero   RW          317    .bss                ili93xx.o
    0x20003792   0x000000c8   Zero   RW          484    .bss                usart.o
    0x2000385a   0x00000002   PAD
    0x2000385c   0x00006a40   Zero   RW          754    .bss                malloc.o
    0x2000a29c   0x00000dc8   Zero   RW          912    .bss                os_core.o
    0x2000b064   0x000000c8   Zero   RW         1086    .bss                STemWin526_CM3_OS_Keil.lib(gui_alloc.o)
    0x2000b12c   0x00000070   Zero   RW         1132    .bss                STemWin526_CM3_OS_Keil.lib(gui_core.o)
    0x2000b19c   0x00000028   Zero   RW         1171    .bss                STemWin526_CM3_OS_Keil.lib(gui_curs1.o)
    0x2000b1c4   0x0000000c   Zero   RW         1299    .bss                STemWin526_CM3_OS_Keil.lib(gui_touch.o)
    0x2000b1d0   0x00000010   Zero   RW         1313    .bss                STemWin526_CM3_OS_Keil.lib(gui_touch_driveranalog.o)
    0x2000b1e0   0x00000018   Zero   RW         2196    .bss                STemWin526_CM3_OS_Keil.lib(gui_fillpolygon.o)
    0x2000b1f8   0x00000048   Zero   RW         2211    .bss                STemWin526_CM3_OS_Keil.lib(gui_pid.o)
    0x2000b240   0x00000018   Zero   RW         2530    .bss                STemWin526_CM3_OS_Keil.lib(wm.o)
    0x2000b258   0x00000058   Zero   RW         2650    .bss                STemWin526_CM3_OS_Keil.lib(gui_onkey.o)
    0x2000b2b0   0x0000000c   Zero   RW         2673    .bss                STemWin526_CM3_OS_Keil.lib(gui_touch_storestate.o)
    0x2000b2bc   0x00000048   Zero   RW         2778    .bss                STemWin526_CM3_OS_Keil.lib(wm_touch.o)
    0x2000b304   0x00000018   Zero   RW         3014    .bss                STemWin526_CM3_OS_Keil.lib(wm_pid__getprevstate.o)
    0x2000b31c   0x00000060   Zero   RW         3287    .bss                c_w.l(libspace.o)
    0x2000b37c   0x00000004   PAD
    0x2000b380   0x00000200   Zero   RW          595    HEAP                startup_stm32f10x_hd.o
    0x2000b580   0x00000800   Zero   RW          594    STACK               startup_stm32f10x_hd.o


==============================================================================

Image component sizes


      Code (inc. data)   RO Data    RW Data    ZI Data      Debug   Object Name

       378          0          0          0          0       2610   24cxx.o
         0          0          0          0          0         32   core_cm3.o
       608         18          0          0          0       1981   ctiic.o
       244         20          0          4          0       9468   delay.o
       276         24          0         17          0      51083   gui_x_os.o
        24          0          0          0          0        936   gui_x_touch_analog.o
        40          4          0          0          0        895   guiconf.o
     22700        204       6080          4         14      23723   ili93xx.o
       636         36          0          0          0       4778   lcdconf_flexcolor_template.o
        80          8          0          0          0     205247   led.o
       908        238          0          8      13152      56789   main.o
       416          6          0         20      27200       3901   malloc.o
       220         22          0          0          0       1793   misc.o
       600         12          0          0          0       1836   myiic.o
      2192        216        256         72       3528      14759   os_core.o
       180         36          0          0          0        316   os_cpu_a.o
       174          0          0          0          0      10326   os_cpu_c.o
      2060         42          0          0          0       6748   os_flag.o
       972         16          0          0          0       4074   os_mbox.o
      1512         30          0          0          0       5477   os_q.o
       908         18          0          0          0       3818   os_sem.o
      1988         70          0          0          0       7413   os_task.o
       432         30          0          0          0       1754   os_time.o
       880         60         10          1          0       2522   ott2001a.o
        64         26        304          0       2560        784   startup_stm32f10x_hd.o
       860         38          0          0          0       5641   stm32f10x_gpio.o
        64         20          0          0          0      44547   stm32f10x_it.o
       932         36          0         20          0       8800   stm32f10x_rcc.o
      3610         88          0          0          0      22124   stm32f10x_tim.o
      1032         22          0          0          0       8364   stm32f10x_usart.o
        12          0          0          0          0        433   sys.o
       480         38          0         20          0       1683   system_stm32f10x.o
      3076        180        133         60          0       6335   touch.o
       336         18          0          6        200       3150   usart.o
      3136       1288         40         28          0       4218   usmart.o
         0          0        107        276          0     204720   usmart_config.o
      1320         12          0          0          0       5017   usmart_str.o

    ----------------------------------------------------------------------
     53356       2876       6966        544      46656     738095   Object Totals
         0          0         32          0          0          0   (incl. Generated)
         6          0          4          8          2          0   (incl. Padding)

    ----------------------------------------------------------------------

      Code (inc. data)   RO Data    RW Data    ZI Data      Debug   Library Member Name

         0          0       2720          0          0          0   f16_ascii.o
         0          0       4048          0          0          0   f20_ascii.o
         0          0       4792          0          0          0   f24_ascii.o
         0          0       1816          0          0          0   f6x8.o
         0          0       5376          0          0          0   fcomic24b_ascii.o
       856         38          0         40          0        512   gui__alpha.o
       648          0          0          0          0        160   gui__compactpixelindices.o
         0          0        256          0          0          0   gui__divtbl_255_31.o
         0          0        256          0          0          0   gui__divtbl_255_63.o
         0          0         32          0          0          0   gui__divtbl_31_255.o
         0          0         64          0          0          0   gui__divtbl_63_255.o
       322          0          0          0          0        108   gui__expandpixelindices.o
        24          0          0          0          0         68   gui__handleeoline.o
        58          0          0          0          0         68   gui__intersectrect.o
        82          0          0          0          0         80   gui__intersectrects.o
       216          8          0         20          0        156   gui__managecache.o
        76          0          0          0          0         76   gui__memset.o
        60          0          0          0          0         76   gui__memset16.o
        26          0          0          0          0         68   gui__sqrt32.o
      1854        120          0          8        200       1908   gui_alloc.o
        46          0          0          0          0         80   gui_alloc_alloczero.o
        60          0          0          0          0         76   gui_calccolordist.o
       164         20          0          0          0        308   gui_char.o
       458         36          0          4          0        472   gui_charline.o
       394         10          0          0          0        300   gui_charm.o
       308         10          0          0          0        384   gui_charp.o
       188          4          0          0          0         92   gui_circ.o
       476         78          8         74        112        620   gui_core.o
       120          6          0          0         40         88   gui_curs1.o
       434         34          8          0          0        676   gui_device.o
       264          4          0          0          0         88   gui_dispstring.o
        40          6          0          0          0         88   gui_dispstringat.o
        52          4          0          0          0         92   gui_dispstringhcenter.o
       408          4          0          0          0        252   gui_dispstringinrect.o
      1192         34         68          0          0        832   gui_drawline.o
        32          4          0          0          0         68   gui_drawpoint.o
       400          4          0          0          0        208   gui_drawroundedframe.o
       386          6          0          0          0        204   gui_drawroundedrect.o
        52          4          0          0          0        152   gui_exec.o
       532         22          0          4         24        176   gui_fillpolygon.o
       160          0          0          0          0        152   gui_getbitmappixelindex.o
        10          0          0          0          0         68   gui_getclientrect.o
        48          0          0          0          0        152   gui_getcolor.o
        54         10          0          0          0        156   gui_getorg.o
        66         12          0          0          0        216   gui_goto.o
        88          0          0          0          0         76   gui_mergerect.o
        30          0          0          0          0         68   gui_moverect.o
       102         12          0         12         88        284   gui_onkey.o
        28          4          0          0          0         80   gui_pen.o
       248         36          0          8         72        444   gui_pid.o
        56          0          0          0          0         68   gui_rectsintersect.o
        32         10          0          0          0        136   gui_savecontext.o
       138         14          0          8          0        316   gui_selectlayer.o
        26          0          0          0          0         80   gui_selectlcd.o
        36          4          0         32          0         76   gui_setalpha.o
        44          0          0          0          0        160   gui_setcolor.o
        64          6          0          0          0         80   gui_setdefault.o
        24          0          0          0          0         76   gui_setdrawmode.o
        32          6          0          0          0         80   gui_setfont.o
        28          4          0          0          0         80   gui_setlinestyle.o
        64         16          0          0          0         88   gui_setorg.o
        32          6          0          0          0         80   gui_settextalign.o
        32          6          0          0          0         80   gui_settextmode.o
      1246         10          0          0          0        716   gui_sprite.o
       324         32          0         28          0        392   gui_task.o
       104          6          0          0          0         84   gui_time.o
       354         16          0         20          0        484   gui_timer.o
        44          6          0          0         12         84   gui_touch.o
       632         46          0         48         16        472   gui_touch_driveranalog.o
        36          6          0          0         12         68   gui_touch_storestate.o
        44          4          0          8          0         88   gui_touch_storeunstable.o
        84         10          0          0          0        168   gui_uc.o
        18          0         16          0          0        272   gui_uc_encodenone.o
        16          4          0         12          0         68   gui_waitevent.o
       198          0         24          0          0        244   guicc_0.o
       218         38         24          0          0        388   guicc_565.o
        36          0         24          0          0        288   guicc_8888.o
         2          0          0          0          0         68   guicc_8888_index2color.o
         2          0          0          0          0         68   guicc_888_index2color.o
       806         38          0          0          0        760   guidev.o
      2324         66        116          4          0       1336   guidev_16.o
      2356         62        116          0          0       1440   guidev_32.o
       308         14          0          4          0        168   guidev_banding.o
        68          4          0          0          0         76   guidev_clear.o
        34          0          0          0          0         80   guidev_getdataptr.o
        52          6          0          0          0         80   guidev_getysize.o
        56          4          0          0          0         80   guidev_reduceysize.o
       100          4          0          0          0         80   guidev_setorg.o
       358         22          0          1          0        188   guidev_staticdevices.o
        84          0          0          0          0        164   guidev_usage.o
       424          4         24          0          0        460   guidev_usagebm.o
       116          4          0          0          0        148   guidev_write.o
       400         14          0          0          0         96   guidev_writetoactivealpha.o
      1868         16          8          0          0        492   guidev_writetoactiveopaque.o
      1506         76        116         28          0       3316   guidrv_flexcolor.o
      1712         62          0          0          0        876   guidrv_flexcolor_16bpp_c0b16.o
       886         56          0          8          0       1160   guidrv_flexcolor_func66709.o
      1730        118         12          4          0       1436   lcd.o
        16          6          0          4          0         68   lcd_aa.o
       260         26          0         16          0        388   lcd_color.o
        32         12          0          0          0        136   lcd_getcolorindex.o
       384         32          0          0          0       1340   lcd_getex.o
        26          0          0          0          0         80   lcd_getnumdisplays.o
         0          0        256          0          0          0   lcd_mirror.o
       504         18          0          0          0        184   lcd_readrect.o
        64         10          0          0          0         80   lcd_selectlcd.o
       220          0          0          0          0        420   lcd_set.o
        48         10          0          0          0         80   lcd_setcliprectex.o
        36          4          0          0          0         80   lcd_updatecolorindices.o
      4674        228          0         97         24       4132   wm.o
        18          0          0          0          0         76   wm__getfirstsibling.o
        36          0          0          0          0         80   wm__getprevsibling.o
        34          0          0          0          0         80   wm__isancestor.o
        22          0          0          0          0         76   wm__isenabled.o
        60          6          0          4          0         88   wm__sendmessage.o
        28          0          0          0          0         92   wm__sendmessageifenabled.o
        38          0          0          0          0         80   wm__sendmessagenopara.o
       220          0          0          0          0         96   wm__updatechildpositions.o
       136          0          0          0          0         92   wm_bringtobottom.o
        60         12          0          0          0        136   wm_criticalhandle.o
       102         10          0          0          0        248   wm_getclientrect.o
        24         10          0          0          0         68   wm_getdesktopwindow.o
        20          4          0          0          0         68   wm_getdesktopwindowex.o
        26          0          0          0          0         76   wm_getfirstchild.o
        32          0          0          0          0         80   wm_getorg.o
        26          0          0          0          0         76   wm_getparent.o
        24          0          0          0          0         76   wm_iswindow.o
       294          0          0          0          0        272   wm_move.o
        16          0          0          0          0         76   wm_notifyparent.o
        64          8          0          0          0         88   wm_onkey.o
        24          6          0          0         24         68   wm_pid__getprevstate.o
       244          0          0          0          0         88   wm_resizewindow.o
       204          6          0          0          0        324   wm_screen2win.o
        26          0          0          0          0         88   wm_sendmessagenopara.o
        38          0          0          0          0         92   wm_sendtoparent.o
        62          8          0          0          0        160   wm_setcapture.o
        72          0          0          0          0         84   wm_setsize.o
        32          4          0          0          0         80   wm_setusercliprect.o
       124          0          0          0          0        164   wm_timer.o
      1108         46          0         12         72        344   wm_touch.o
        90          0          0          0          0          0   __dczerorl2.o
         8          0          0          0          0         68   __main.o
       392          4         17          0          0         92   __printf_flags_ss_wp.o
        14          0          0          0          0         68   __printf_wp.o
        52          8          0          0          0          0   __scatter.o
        28          0          0          0          0          0   __scatter_zi.o
         6          0          0          0          0          0   _printf_c.o
        44          0          0          0          0        108   _printf_char.o
        48          6          0          0          0         96   _printf_char_common.o
        36          4          0          0          0         80   _printf_char_file.o
         6          0          0          0          0          0   _printf_d.o
       116         16          0          0          0         92   _printf_dec.o
        88          4         40          0          0         88   _printf_hex_int.o
       178          0          0          0          0         88   _printf_intcommon.o
        78          0          0          0          0        108   _printf_pad.o
         0          0          0          0          0          0   _printf_percent.o
         4          0          0          0          0          0   _printf_percent_end.o
         6          0          0          0          0          0   _printf_s.o
        82          0          0          0          0         80   _printf_str.o
         6          0          0          0          0          0   _printf_u.o
         6          0          0          0          0          0   _printf_x.o
        22          0          0          0          0        100   _rserrno.o
        16          0          0          0          0         68   aeabi_memset.o
        12          0          0          0          0         72   exit.o
         8          0          0          0          0         68   ferror.o
         6          0          0          0          0        152   heapauxi.o
         2          0          0          0          0          0   libinit.o
         2          0          0          0          0          0   libinit2.o
         2          0          0          0          0          0   libshutdown.o
         2          0          0          0          0          0   libshutdown2.o
         8          4          0          0         96         68   libspace.o
        88          0          0          0          0         76   memcmp.o
        24          4          0          0          0         84   noretval__2printf.o
         8          4          0          0          0         68   rt_errno_addr_intlibspace.o
        68          0          0          0          0         68   rt_memclr.o
        78          0          0          0          0         80   rt_memclr_w.o
       138          0          0          0          0         68   rt_memcpy_v6.o
       100          0          0          0          0         80   rt_memcpy_w.o
       132          0          0          0          0         68   rt_memmove_v6.o
       122          0          0          0          0         80   rt_memmove_w.o
         0          0          0          0          0          0   rtentry.o
        12          0          0          0          0          0   rtentry2.o
         6          0          0          0          0          0   rtentry4.o
         2          0          0          0          0          0   rtexit.o
        10          0          0          0          0          0   rtexit2.o
        74          0          0          0          0         80   sys_stackheap_outer.o
         2          0          0          0          0         68   use_no_semi.o
         2          0          0          0          0         68   use_no_semi_2.o
       826         16          0          0          0        348   daddsub_clz.o
        24          0          0          0          0         68   dcmpi.o
        90          4          0          0          0         92   dfixu.o
        84          0          0          0          0        136   dflt_clz.o
       120          4          0          0          0         92   dleqf.o
       340         12          0          0          0        104   dmul.o
       156          4          0          0          0         92   dnaninf.o
        12          0          0          0          0         68   dretinf.o
       108          0          0          0          0         80   drleqf.o
       460         56          0          0          0        120   dsqrt_noumaal.o
        86          4          0          0          0         84   f2d.o
       430          8          0          0          0        168   faddsub_clz.o
       388         76          0          0          0         96   fdiv.o
        54          4          0          0          0         84   ffix.o
        62          4          0          0          0         84   ffixu.o
        86          0          0          0          0        136   fflt_clz.o
       258          4          0          0          0         84   fmul.o
       140          4          0          0          0         84   fnaninf.o
        10          0          0          0          0         68   fretinf.o
         0          0          0          0          0          0   usenofp.o
        76          0          0          0          0         84   sqrt.o

    ----------------------------------------------------------------------
     45854       2070      20240        516        796      43080   Library Totals
       116          0          3          8          4          0   (incl. Padding)

    ----------------------------------------------------------------------

      Code (inc. data)   RO Data    RW Data    ZI Data      Debug   Library Name

     39694       1816      20180        508        696      38524   STemWin526_CM3_OS_Keil.lib
      2234         54         57          0         96       2384   c_w.l
      3734        200          0          0          0       2088   fz_ws.l
        76          0          0          0          0         84   m_ws.l

    ----------------------------------------------------------------------
     45854       2070      20240        516        796      43080   Library Totals

    ----------------------------------------------------------------------

==============================================================================


      Code (inc. data)   RO Data    RW Data    ZI Data      Debug   

     99210       4946      27206       1060      47452     750959   Grand Totals
     99210       4946      27206        228      47452     750959   ELF Image Totals (compressed)
     99210       4946      27206        228          0          0   ROM Totals

==============================================================================

    Total RO  Size (Code + RO Data)               126416 ( 123.45kB)
    Total RW  Size (RW Data + ZI Data)             48512 (  47.38kB)
    Total ROM Size (Code + RO Data + RW Data)     126644 ( 123.68kB)

==============================================================================

